###############################################################################
#
# IAR C/C++ Compiler V7.11.1.983/W32 for MSP430           30/Apr/2018  01:52:12
# Copyright 1996-2017 IAR Systems AB.
# Standalone license - IAR Embedded Workbench for Texas Instruments MSP430, 8K KickStart Edition 7.11
#
#    __rt_version  =  3
#    __double_size =  32
#    __reg_r4      =  free
#    __reg_r5      =  free
#    __pic         =  no
#    __core        =  430X
#    __data_model  =  small
#    __code_model  =  large
#    Source file   =  
#        C:\Users\shmes\Desktop\Escritorio
#        Personal\Escuela\ECE\306\ECE306\Project_10\led.c
#    Command line  =  
#        -f C:\Users\shmes\AppData\Local\Temp\EW3A4B.tmp
#        ("C:\Users\shmes\Desktop\Escritorio
#        Personal\Escuela\ECE\306\ECE306\Project_10\led.c" -lC
#        "C:\Users\shmes\Desktop\Escritorio
#        Personal\Escuela\ECE\306\ECE306\Project_10\Debug\List" -o
#        "C:\Users\shmes\Desktop\Escritorio
#        Personal\Escuela\ECE\306\ECE306\Project_10\Debug\Obj" --no_cse
#        --no_unroll --no_inline --no_code_motion --no_tbaa --debug
#        -D__MSP430FR5994__ -e --double=32 --dlib_config "C:\Program Files
#        (x86)\IAR Systems\Embedded Workbench 8.0\430\lib\dlib\dl430xlsfn.h"
#        --core=430X --data_model=small -On --multiplier=32
#        --hw_workaround=CPU40 --code_model=large)
#    Locale        =  Spanish_USA.1252
#    List file     =  
#        C:\Users\shmes\Desktop\Escritorio
#        Personal\Escuela\ECE\306\ECE306\Project_10\Debug\List\led.lst
#    Object file   =  
#        C:\Users\shmes\Desktop\Escritorio
#        Personal\Escuela\ECE\306\ECE306\Project_10\Debug\Obj\led.r43
#
###############################################################################

C:\Users\shmes\Desktop\Escritorio Personal\Escuela\ECE\306\ECE306\Project_10\led.c
      1          //===============================================================
      2          //  File Name: led.c
      3          //  Description: This file contains the Initialization of all LED
      4          //                    controlling I/O pins
      5          //  Author: Sam Messick
      6          //  Date Jan. 2018
      7          //  Compiler Build with IAR Embedded Workbench Version: V4.10A/W32 (7.11.2)
      8          //===============================================================
      9          
     10          #include  "led.h"
     11          

   \                                 In  segment CODE, align 2
     12          void init_LEDs(void){
   \                     init_LEDs:
     13          //------------------------------------------------------------------------------
     14          // LED Configurations
     15          //------------------------------------------------------------------------------
     16          // Turns off both LEDs
     17            //P1OUT &= ~RED_LED;
     18            //P1OUT &= ~GRN_LED;
     19          //------------------------------------------------------------------------------
     20          }
   \   000000   1001         RETA
     21          
     22          //Random display of grumbling in this file.
     23          // GRUMBLEGRUMBLEGRUMBLE.

   Maximum stack usage in bytes:

   CSTACK Function
   ------ --------
      4   init_LEDs


   Segment part sizes:

   Bytes  Function/Label
   -----  --------------
       2  init_LEDs

 
 2 bytes in segment CODE
 
 2 bytes of CODE memory

Errors: none
Warnings: none
