################################################################################
#                                                                              #
#      IAR Universal Linker V6.5.1.95                                          #
#                                                                              #
#           Link time     =  30/Apr/2018  10:54:26                             #
#           Target CPU    =  MSP430                                            #
#           List file     =  "C:\Users\shmes\Desktop\Escritorio Personal\Escue #
#                            la\ECE\306\ECE306\Project_10\Debug\List\Project 1 #
#                            0.map"                                            #
#           Output file 1 =  "C:\Users\shmes\Desktop\Escritorio Personal\Escue #
#                            la\ECE\306\ECE306\Project_10\Debug\Exe\Project 10 #
#                            .d43"                                             #
#                            Format: ubrof10                                   #
#                            UBROF version 10.0.6                              #
#                            Using library modules for C-SPY (-rt)             #
#           Command line  =  -f C:\Users\shmes\AppData\Local\Temp\EW96A3.tmp   #
#                            ("C:\Users\shmes\Desktop\Escritorio Personal\Escu #
#                            ela\ECE\306\ECE306\Project_10\Debug\Obj\adc12_B.r #
#                            43"                                               #
#                            "C:\Users\shmes\Desktop\Escritorio Personal\Escue #
#                            la\ECE\306\ECE306\Project_10\Debug\Obj\clocks.r43 #
#                            "                                                 #
#                            "C:\Users\shmes\Desktop\Escritorio Personal\Escue #
#                            la\ECE\306\ECE306\Project_10\Debug\Obj\init.r43"  #
#                            "C:\Users\shmes\Desktop\Escritorio Personal\Escue #
#                            la\ECE\306\ECE306\Project_10\LCD.r43"             #
#                            "C:\Users\shmes\Desktop\Escritorio Personal\Escue #
#                            la\ECE\306\ECE306\Project_10\Debug\Obj\led.r43"   #
#                            "C:\Users\shmes\Desktop\Escritorio Personal\Escue #
#                            la\ECE\306\ECE306\Project_10\Debug\Obj\main.r43"  #
#                            "C:\Users\shmes\Desktop\Escritorio Personal\Escue #
#                            la\ECE\306\ECE306\Project_10\Debug\Obj\menu.r43"  #
#                            "C:\Users\shmes\Desktop\Escritorio Personal\Escue #
#                            la\ECE\306\ECE306\Project_10\Debug\Obj\ports.r43" #
#                            "C:\Users\shmes\Desktop\Escritorio Personal\Escue #
#                            la\ECE\306\ECE306\Project_10\Debug\Obj\serial.r43 #
#                            "                                                 #
#                            "C:\Users\shmes\Desktop\Escritorio Personal\Escue #
#                            la\ECE\306\ECE306\Project_10\Debug\Obj\switches.r #
#                            43"                                               #
#                            "C:\Users\shmes\Desktop\Escritorio Personal\Escue #
#                            la\ECE\306\ECE306\Project_10\Debug\Obj\system.r43 #
#                            "                                                 #
#                            "C:\Users\shmes\Desktop\Escritorio Personal\Escue #
#                            la\ECE\306\ECE306\Project_10\Debug\Obj\timerA0.r4 #
#                            3"                                                #
#                            "C:\Users\shmes\Desktop\Escritorio Personal\Escue #
#                            la\ECE\306\ECE306\Project_10\Debug\Obj\timerB0.r4 #
#                            3"                                                #
#                            "C:\Users\shmes\Desktop\Escritorio Personal\Escue #
#                            la\ECE\306\ECE306\Project_10\Debug\Obj\wheels.r43 #
#                            "                                                 #
#                            -o                                                #
#                            "C:\Users\shmes\Desktop\Escritorio Personal\Escue #
#                            la\ECE\306\ECE306\Project_10\Debug\Exe\Project 10 #
#                            .d43"                                             #
#                            -l                                                #
#                            "C:\Users\shmes\Desktop\Escritorio Personal\Escue #
#                            la\ECE\306\ECE306\Project_10\Debug\List\Project 1 #
#                            0.map"                                            #
#                            -xesni                                            #
#                            "-IC:\Program Files (x86)\IAR Systems\Embedded Wo #
#                            rkbench 8.0\430\LIB\"                             #
#                            -f                                                #
#                            "C:\Program Files (x86)\IAR Systems\Embedded Work #
#                            bench 8.0\430\config\linker\lnk430fr5994.xcl"     #
#                            (-cmsp430 -QCODE_I=CODE_ID -QTLS16_I=TLS16_ID     #
#                            -D__iar_HWMUL=4C0 -Z(CONST)INFO=1800-19FF         #
#                            -Z(CONST)INFOA=1980-19FF                          #
#                            -Z(CONST)INFOB=1900-197F                          #
#                            -Z(CONST)INFOC=1880-18FF                          #
#                            -Z(CONST)INFOD=1800-187F                          #
#                            -Z(DATA)TINYRAM=000A-001F                         #
#                            -Z(DATA)LEARAM=2C00-3AC7                          #
#                            -Z(DATA)LEASTACK=3AC8-3BFF                        #
#                            -Z(DATA)DATA16_I,DATA16_Z,DATA16_N,TLS16_I=1C00-2 #
#                            BFF                                               #
#                            -Z(DATA)CODE_I                                    #
#                            -Z(DATA)DATA20_I,DATA20_Z,DATA20_N                #
#                            -Z(DATA)CSTACK+_STACK_SIZE#                       #
#                            -Z(CONST)DATA16_P,DATA20_P=4000-FF7F              #
#                            -Z(DATA)DATA16_HEAP+_DATA16_HEAP_SIZE             #
#                            -Z(DATA)DATA20_HEAP+_DATA20_HEAP_SIZE             #
#                            -Z(CONST)MPU_B1 -Z(CONST)IPE_B1=4000-FF7F         #
#                            -Z(DATA)IPEDATA16_N -Z(CODE)IPECODE16             #
#                            -Z(CONST)IPEDATA16_C,IPE_B2 -Z(CONST)MPU_B2       #
#                            -Z(CONST)DATA16_C,DATA16_ID,TLS16_ID,DIFUNCT,CHEC #
#                            KSUM=4000-FF7F                                    #
#                            -Z(CODE)CSTART,ISR_CODE,CODE16=4000-FF7F          #
#                            -P(CODE)CODE=4000-FF7F,10000-43FFF                #
#                            -Z(CODE)CODE_PAD                                  #
#                            -Z(CONST)DATA20_C,DATA20_ID,CODE_ID=4000-FF7F,100 #
#                            40-43FFF                                          #
#                            -Z(CONST)JTAGSIGNATURE=FF80-FF83                  #
#                            -Z(CONST)BSLSIGNATURE=FF84-FF87                   #
#                            -Z(CONST)IPESIGNATURE=FF88-FF8F                   #
#                            -Z(CODE)INTVEC=FF90-FFFF                          #
#                            -Z(CODE)RESET=FFFE-FFFF) -f                       #
#                            "C:\Program Files (x86)\IAR Systems\Embedded Work #
#                            bench 8.0\430\config\linker\multiplier32.xcl"     #
#                            (-e?Mul8Hw=?Mul8 -e?Mul16Hw=?Mul16                #
#                            -e?Mul16to32uHw=?Mul16to32u                       #
#                            -e?Mul16to32sHw=?Mul16to32s -e?Mul32Hw32=?Mul32   #
#                            -e?Mul64Hw32=_Mul64i                              #
#                            -e?Mul32u32uto64iHw32=_Mul32u32uto64i             #
#                            -e?Mul32fHw32=_Mul32f                             #
#                            -e_Mul64fHw32Ptr=_Mul64fPtr) -D_STACK_SIZE=A0     #
#                            -rt                                               #
#                            "C:\Program Files (x86)\IAR Systems\Embedded Work #
#                            bench 8.0\430\lib\dlib\dl430xlsfn.r43"            #
#                            -e_PrintfLarge=_Printf -e_ScanfLarge=_Scanf       #
#                            -D_DATA16_HEAP_SIZE=A0 -s __program_start         #
#                            -D_DATA20_HEAP_SIZE=50)                           #
#                                                                              #
#                           Copyright (C) 1987-2016 IAR Systems AB.            #
################################################################################





                ****************************************
                *                                      *
                *           CROSS REFERENCE            *
                *                                      *
                ****************************************

       Program entry at :           42A6  Relocatable, from module : ?cstart




                ****************************************
                *                                      *
                *            RUNTIME MODEL             *
                *                                      *
                ****************************************

  __Heap_Handler             = Basic
  __SystemLibrary            = DLib
  __code_model               = large
  __core                     = 430X
  __data_model               = small
  __dlib_file_descriptor     = 0
  __dlib_full_locale_support = 0
  __double_size              = 32
  __pic                      = no
  __reg_r4                   = free
  __reg_r5                   = free
  __rt_version               = 3

                ****************************************
                *                                      *
                *    AUTOMATIC SYMBOL REDIRECTIONS     *
                *                                      *
                ****************************************

                  There are no automatic symbol redirections.

                ****************************************
                *                                      *
                *              ENTRY LIST              *
                *                                      *
                ****************************************

Module  Entry                              Address
------  -----                              -------
?FILLER_BYTES
?ABS_ENTRY_MOD
        _DATA20_HEAP_SIZE                   0050
        _DATA16_HEAP_SIZE                   00A0
        _STACK_SIZE                         00A0
        __iar_HWMUL                         04C0
adc12_B ( C:\Users\shmes\Desktop\Escritorio Personal\Escuela\ECE\306\ECE306\Project_10\Debug\Obj\adc12_B.r43 )
        _A_ADC12CTL0_L                      0800
        _A_ADC12CTL1_L                      0802
        _A_ADC12CTL2_L                      0804
        _A_ADC12CTL3_L                      0806
        _A_ADC12IER0_L                      0812
        _A_ADC12MCTL0_L                     0820
        _A_ADC12MCTL1_L                     0822
        _A_ADC12MCTL2_L                     0824
        _A_ADC12MEM0_L                      0860
        _A_ADC12MEM1_L                      0862
        _A_ADC12MEM2_L                      0864
        _A_PDOUT_L                          0262
        ADC_Thumb                           1C38
        ADC_Right_Detector                  1C3A
        ADC_Left_Detector                   1C3C
        one_time                            NOT NEEDED
        ir_black_reading                    1C00
        ir_white_reading                    1C02
        calibrated                          NOT NEEDED
        calibrating                         NOT NEEDED
        init_ADC                            520C
        ADC12_ISR                           42CE
        calibrate_White                     NOT NEEDED
        calibrate_Black                     NOT NEEDED
        update_ir_reading                   5780
        ADC12_ISR::??INTVEC 92              FFEC
        ?setjmp_save_r4                     NOT NEEDED
        ?setjmp_save_r5                     NOT NEEDED
        ADC12CTL0                           0800
        ADC12CTL0_H                         0801
        ADC12CTL0_L                         0800
        ADC12CTL1                           0802
        ADC12CTL1_H                         0803
        ADC12CTL1_L                         0802
        ADC12CTL2                           0804
        ADC12CTL2_H                         0805
        ADC12CTL2_L                         0804
        ADC12CTL3                           0806
        ADC12CTL3_H                         0807
        ADC12CTL3_L                         0806
        ADC12IER0                           0812
        ADC12IER0_H                         0813
        ADC12IER0_L                         0812
        ADC12MCTL0                          0820
        ADC12MCTL0_H                        0821
        ADC12MCTL0_L                        0820
        ADC12MCTL1                          0822
        ADC12MCTL1_H                        0823
        ADC12MCTL1_L                        0822
        ADC12MCTL2                          0824
        ADC12MCTL2_H                        0825
        ADC12MCTL2_L                        0824
        ADC12MEM0                           0860
        ADC12MEM0_H                         0861
        ADC12MEM0_L                         0860
        ADC12MEM1                           0862
        ADC12MEM1_H                         0863
        ADC12MEM1_L                         0862
        ADC12MEM2                           0864
        ADC12MEM2_H                         0865
        ADC12MEM2_L                         0864
        PDOUT                               0262
        PDOUT_H                             0263
        PDOUT_L                             0262
clocks ( C:\Users\shmes\Desktop\Escritorio Personal\Escuela\ECE\306\ECE306\Project_10\Debug\Obj\clocks.r43 )
        _A_CSCTL0_L                         0160
        _A_CSCTL1_L                         0162
        _A_CSCTL2_L                         0164
        _A_CSCTL3_L                         0166
        _A_CSCTL4_L                         0168
        _A_TA0CCTL0_L                       0342
        _A_WDTCTL_L                         015C
        init_Clocks                         5306
        delay                               56B8
        ?setjmp_save_r4                     NOT NEEDED
        ?setjmp_save_r5                     NOT NEEDED
        CSCTL0                              0160
        CSCTL0_H                            0161
        CSCTL0_L                            0160
        CSCTL1                              0162
        CSCTL1_H                            0163
        CSCTL1_L                            0162
        CSCTL2                              0164
        CSCTL2_H                            0165
        CSCTL2_L                            0164
        CSCTL3                              0166
        CSCTL3_H                            0167
        CSCTL3_L                            0166
        CSCTL4                              0168
        CSCTL4_H                            0169
        CSCTL4_L                            0168
        TA0CCTL0                            0342
        TA0CCTL0_H                          0343
        TA0CCTL0_L                          0342
        WDTCTL                              015C
        WDTCTL_H                            015D
        WDTCTL_L                            015C
init ( C:\Users\shmes\Desktop\Escritorio Personal\Escuela\ECE\306\ECE306\Project_10\Debug\Obj\init.r43 )
        init_Conditions                     539C
        init_Timers                         58FC
        ?setjmp_save_r4                     NOT NEEDED
        ?setjmp_save_r5                     NOT NEEDED
LCD ( C:\Users\shmes\Desktop\Escritorio Personal\Escuela\ECE\306\ECE306\Project_10\LCD.r43 )
        _A_PBOUT_L                          0222
        _A_PCOUT_L                          0242
        _A_TA0CCTL2_L                       0346
        _A_TA0CCR2_L                        0356
        _A_UCB1CTLW0_L                      0680
        _A_UCB1BRW_L                        0686
        _A_UCB1TXBUF_L                      068E
        _A_UCB1IFG_L                        06AC
        lcd_control                         NOT NEEDED
        display_line                        1C58
        display                             1C3E
        posi_L1                             NOT NEEDED
        posi_L2                             NOT NEEDED
        posi_L3                             NOT NEEDED
        posi_L4                             NOT NEEDED
        char_count                          NOT NEEDED
        current_line                        NOT NEEDED
        update_display_count                1C46
        display_update_time                 NOT NEEDED
        update_display                      1C84
        display_changed                     1C85
        LCD_test                            NOT NEEDED
        spi_chipselect_idle                 587A
        spi_chipselect_active               58E8
        spi_reset_idle                      5912
        spi_reset_active                    590C
        Display_Process                     5674
        Display_Update                      53E4
        enable_display_update               NOT NEEDED
        update_string                       5764
        Init_LCD                            4F2A
        lcd_4line                           58BE
        lcd_BIG_mid                         56D6
        lcd_out                             5650
        lcd_puts                            NOT NEEDED
        WriteIns                            562A
        WriteData                           5604
        CheckBusy                           NOT NEEDED
        ClrDisplay                          57B0
        ClrDisplay_Buffer_0                 5866
        ClrDisplay_Buffer_1                 582A
        ClrDisplay_Buffer_2                 5816
        ClrDisplay_Buffer_3                 5802
        SetPostion                          NOT NEEDED
        DisplayOnOff                        57EE
        Init_SPI_B1                         546C
        SPI_B1_write                        57C6
        ?setjmp_save_r4                     NOT NEEDED
        ?setjmp_save_r5                     NOT NEEDED
        PBOUT                               0222
        PBOUT_H                             0223
        PBOUT_L                             0222
        PCOUT                               0242
        PCOUT_H                             0243
        PCOUT_L                             0242
        TA0CCTL2                            0346
        TA0CCTL2_H                          0347
        TA0CCTL2_L                          0346
        TA0CCR2                             0356
        TA0CCR2_H                           0357
        TA0CCR2_L                           0356
        UCB1CTLW0                           0680
        UCB1CTLW0_H                         0681
        UCB1CTLW0_L                         0680
        UCB1BRW                             0686
        UCB1BRW_H                           0687
        UCB1BRW_L                           0686
        UCB1TXBUF                           068E
        UCB1TXBUF_H                         068F
        UCB1TXBUF_L                         068E
        UCB1IFG                             06AC
        UCB1IFG_H                           06AD
        UCB1IFG_L                           06AC
led ( C:\Users\shmes\Desktop\Escritorio Personal\Escuela\ECE\306\ECE306\Project_10\Debug\Obj\led.r43 )
        init_LEDs                           NOT NEEDED
        ?setjmp_save_r4                     NOT NEEDED
        ?setjmp_save_r5                     NOT NEEDED
main ( C:\Users\shmes\Desktop\Escritorio Personal\Escuela\ECE\306\ECE306\Project_10\Debug\Obj\main.r43 )
        _A_PM5CTL0_L                        0130
        main                                52BA
        ?setjmp_save_r4                     NOT NEEDED
        ?setjmp_save_r5                     NOT NEEDED
        PM5CTL0                             0130
        PM5CTL0_H                           0131
        PM5CTL0_L                           0130
menu ( C:\Users\shmes\Desktop\Escritorio Personal\Escuela\ECE\306\ECE306\Project_10\Debug\Obj\menu.r43 )
        _A_PCOUT_L                          NOT NEEDED
        menu_counter                        NOT NEEDED
        word1                               1C04
        word2                               1C06
        word3                               1C08
        word4                               1C0A
        changed_options                     NOT NEEDED
        prev_menu_frame                     NOT NEEDED
        prev_menu_option                    NOT NEEDED
        current_menu_option                 NOT NEEDED
        prev_sub_menu_option                NOT NEEDED
        current_sub_menu_option             NOT NEEDED
        reset_ADC_Thumb_min                 NOT NEEDED
        device_settings                     1C0C
        init_Menu                           472E
        LCD_print                           51A4
        hex_to_dec                          NOT NEEDED
        ?setjmp_save_r4                     NOT NEEDED
        ?setjmp_save_r5                     NOT NEEDED
        PCOUT                               0242
        PCOUT_H                             0243
        PCOUT_L                             0242
ports ( C:\Users\shmes\Desktop\Escritorio Personal\Escuela\ECE\306\ECE306\Project_10\Debug\Obj\ports.r43 )
        _A_PAOUT_L                          0202
        _A_PADIR_L                          0204
        _A_PASEL0_L                         020A
        _A_PASEL1_L                         020C
        _A_PBOUT_L                          NOT NEEDED
        _A_PBDIR_L                          0224
        _A_PBSEL0_L                         022A
        _A_PBSEL1_L                         022C
        _A_PBIES_L                          0238
        _A_PBIE_L                           023A
        _A_PBIFG_L                          023C
        _A_PCOUT_L                          NOT NEEDED
        _A_PCDIR_L                          0244
        _A_PCREN_L                          0246
        _A_PCSEL0_L                         024A
        _A_PCSEL1_L                         024C
        _A_PCIES_L                          0258
        _A_PCIE_L                           025A
        _A_PCIFG_L                          025C
        _A_PDOUT_L                          NOT NEEDED
        _A_PDDIR_L                          0264
        _A_PDSEL0_L                         026A
        _A_PDSEL1_L                         026C
        _A_PJOUT_L                          0322
        _A_PJDIR_L                          0324
        _A_PJSEL0_L                         032A
        _A_PJSEL1_L                         032C
        _A_TA0CCTL1_L                       0344
        debounced                           1C86
        connection_lost                     1C87
        init_Port1                          513A
        init_Port2                          4CA2
        init_Port3                          4B52
        init_Port4                          4C00
        init_Port5                          4A8C
        init_Port6                          4DE6
        init_Port7                          4D44
        init_Port8                          542A
        init_PortJ                          4E88
        init_Ports                          553C
        Port_3                              42EC
        Port_5                              4326
        Port_5::??INTVEC 54                 FFC6
        Port_3::??INTVEC 66                 FFD2
        ?setjmp_save_r4                     NOT NEEDED
        ?setjmp_save_r5                     NOT NEEDED
        PAOUT                               0202
        PAOUT_H                             0203
        PAOUT_L                             0202
        PADIR                               0204
        PADIR_H                             0205
        PADIR_L                             0204
        PASEL0                              020A
        PASEL0_H                            020B
        PASEL0_L                            020A
        PASEL1                              020C
        PASEL1_H                            020D
        PASEL1_L                            020C
        PBOUT                               0222
        PBOUT_H                             0223
        PBOUT_L                             0222
        PBDIR                               0224
        PBDIR_H                             0225
        PBDIR_L                             0224
        PBSEL0                              022A
        PBSEL0_H                            022B
        PBSEL0_L                            022A
        PBSEL1                              022C
        PBSEL1_H                            022D
        PBSEL1_L                            022C
        PBIES                               0238
        PBIES_H                             0239
        PBIES_L                             0238
        PBIE                                023A
        PBIE_H                              023B
        PBIE_L                              023A
        PBIFG                               023C
        PBIFG_H                             023D
        PBIFG_L                             023C
        PCOUT                               0242
        PCOUT_H                             0243
        PCOUT_L                             0242
        PCDIR                               0244
        PCDIR_H                             0245
        PCDIR_L                             0244
        PCREN                               0246
        PCREN_H                             0247
        PCREN_L                             0246
        PCSEL0                              024A
        PCSEL0_H                            024B
        PCSEL0_L                            024A
        PCSEL1                              024C
        PCSEL1_H                            024D
        PCSEL1_L                            024C
        PCIES                               0258
        PCIES_H                             0259
        PCIES_L                             0258
        PCIE                                025A
        PCIE_H                              025B
        PCIE_L                              025A
        PCIFG                               025C
        PCIFG_H                             025D
        PCIFG_L                             025C
        PDOUT                               0262
        PDOUT_H                             0263
        PDOUT_L                             0262
        PDDIR                               0264
        PDDIR_H                             0265
        PDDIR_L                             0264
        PDSEL0                              026A
        PDSEL0_H                            026B
        PDSEL0_L                            026A
        PDSEL1                              026C
        PDSEL1_H                            026D
        PDSEL1_L                            026C
        PJOUT                               0322
        PJOUT_H                             0323
        PJOUT_L                             0322
        PJDIR                               0324
        PJDIR_H                             0325
        PJDIR_L                             0324
        PJSEL0                              032A
        PJSEL0_H                            032B
        PJSEL0_L                            032A
        PJSEL1                              032C
        PJSEL1_H                            032D
        PJSEL1_L                            032C
        TA0CCTL1                            0344
        TA0CCTL1_H                          0345
        TA0CCTL1_L                          0344
serial ( C:\Users\shmes\Desktop\Escritorio Personal\Escuela\ECE\306\ECE306\Project_10\Debug\Obj\serial.r43 )
        _A_PBOUT_L                          NOT NEEDED
        _A_PBIE_L                           NOT NEEDED
        _A_PCOUT_L                          NOT NEEDED
        _A_PDOUT_L                          NOT NEEDED
        _A_TA0CCTL0_L                       NOT NEEDED
        _A_UCA0CTLW0_L                      05C0
        _A_UCA0BRW_L                        05C6
        _A_UCA0MCTLW_L                      05C8
        _A_UCA0STATW_L                      05CA
        _A_UCA0RXBUF_L                      05CC
        _A_UCA0TXBUF_L                      05CE
        _A_UCA0IE_L                         05DA
        _A_UCA0IFG_L                        05DC
        _A_UCA0IV_L                         05DE
        _A_UCA3CTLW0_L                      0620
        _A_UCA3BRW_L                        0626
        _A_UCA3MCTLW_L                      0628
        _A_UCA3STATW_L                      062A
        _A_UCA3RXBUF_L                      062C
        _A_UCA3TXBUF_L                      062E
        _A_UCA3IE_L                         063A
        _A_UCA3IFG_L                        063C
        _A_UCA3IV_L                         063E
        iot_tx_wr                           1C88
        iot_status_reg                      1C20
        main_ring_rd                        1C89
        chars_to_read                       1C8A
        IOT_Char_Rx                         1C8B
        IP_line1                            1C21
        IP_line2                            1C2C
        Main_Char_Rx                        1C9B
        sock_init_command                   1C18
        sock_ping_command                   1C1A
        init_Serial                         5904
        init_Serial_UCA0                    55B8
        init_Serial_UCA3                    55DE
        init_IoT                            5352
        transmit_charA3                     58DA
        transmit_charA0                     58CC
        check_for_input                     49BA
        read_into_buffer                    5268
        parse_command                       448C
        parse_test                          50CA
        USCI_A0_ISR                         4356
        USCI_A3_ISR                         4376
        USCI_A3_ISR::??INTVEC 48            FFC0
        USCI_A0_ISR::??INTVEC 96            FFF0
        ?setjmp_save_r4                     NOT NEEDED
        ?setjmp_save_r5                     NOT NEEDED
        PBOUT                               0222
        PBOUT_H                             0223
        PBOUT_L                             0222
        PBIE                                023A
        PBIE_H                              023B
        PBIE_L                              023A
        PCOUT                               0242
        PCOUT_H                             0243
        PCOUT_L                             0242
        PDOUT                               0262
        PDOUT_H                             0263
        PDOUT_L                             0262
        TA0CCTL0                            0342
        TA0CCTL0_H                          0343
        TA0CCTL0_L                          0342
        UCA0CTLW0                           05C0
        UCA0CTLW0_H                         05C1
        UCA0CTLW0_L                         05C0
        UCA0BRW                             05C6
        UCA0BRW_H                           05C7
        UCA0BRW_L                           05C6
        UCA0MCTLW                           05C8
        UCA0MCTLW_H                         05C9
        UCA0MCTLW_L                         05C8
        UCA0STATW                           05CA
        UCA0STATW_H                         05CB
        UCA0STATW_L                         05CA
        UCA0RXBUF                           05CC
        UCA0RXBUF_H                         05CD
        UCA0RXBUF_L                         05CC
        UCA0TXBUF                           05CE
        UCA0TXBUF_H                         05CF
        UCA0TXBUF_L                         05CE
        UCA0IE                              05DA
        UCA0IE_H                            05DB
        UCA0IE_L                            05DA
        UCA0IFG                             05DC
        UCA0IFG_H                           05DD
        UCA0IFG_L                           05DC
        UCA0IV                              05DE
        UCA0IV_H                            05DF
        UCA0IV_L                            05DE
        UCA3CTLW0                           0620
        UCA3CTLW0_H                         0621
        UCA3CTLW0_L                         0620
        UCA3BRW                             0626
        UCA3BRW_H                           0627
        UCA3BRW_L                           0626
        UCA3MCTLW                           0628
        UCA3MCTLW_H                         0629
        UCA3MCTLW_L                         0628
        UCA3STATW                           062A
        UCA3STATW_H                         062B
        UCA3STATW_L                         062A
        UCA3RXBUF                           062C
        UCA3RXBUF_H                         062D
        UCA3RXBUF_L                         062C
        UCA3TXBUF                           062E
        UCA3TXBUF_H                         062F
        UCA3TXBUF_L                         062E
        UCA3IE                              063A
        UCA3IE_H                            063B
        UCA3IE_L                            063A
        UCA3IFG                             063C
        UCA3IFG_H                           063D
        UCA3IFG_L                           063C
        UCA3IV                              063E
        UCA3IV_H                            063F
        UCA3IV_L                            063E
        check_for_input::string_index       1CAB
        read_into_buffer::rx_wr_temp        1CAC
        parse_command::left_direction       1CAD
        parse_command::right_direction      1CAE
        parse_command::left_pwm             1CAF
        parse_command::right_pwm            1CB0
        parse_test::higher_baud             1C1C
        parse_test::lower_baud              1C1E
switches ( C:\Users\shmes\Desktop\Escritorio Personal\Escuela\ECE\306\ECE306\Project_10\Debug\Obj\switches.r43 )
        _A_PCOUT_L                          NOT NEEDED
        _A_PCDIR_L                          NOT NEEDED
        enable_switch_BUTTON1               NOT NEEDED
        enable_switch_BUTTON2               NOT NEEDED
        Init_Switches                       NOT NEEDED
        disable_switch_BUTTON1              NOT NEEDED
        disable_switch_BUTTON2              NOT NEEDED
        Disable_Switches                    NOT NEEDED
        ?setjmp_save_r4                     NOT NEEDED
        ?setjmp_save_r5                     NOT NEEDED
        PCOUT                               0242
        PCOUT_H                             0243
        PCOUT_L                             0242
        PCDIR                               0244
        PCDIR_H                             0245
        PCDIR_L                             0244
system ( C:\Users\shmes\Desktop\Escritorio Personal\Escuela\ECE\306\ECE306\Project_10\Debug\Obj\system.r43 )
        enable_interrupts                   5918
        ?setjmp_save_r4                     NOT NEEDED
        ?setjmp_save_r5                     NOT NEEDED
timerA0 ( C:\Users\shmes\Desktop\Escritorio Personal\Escuela\ECE\306\ECE306\Project_10\Debug\Obj\timerA0.r43 )
        _A_PBOUT_L                          NOT NEEDED
        _A_TA0CTL_L                         0340
        _A_TA0CCTL1_L                       NOT NEEDED
        _A_TA0CCTL2_L                       NOT NEEDED
        _A_TA0CCR0_L                        0352
        _A_TA0CCR1_L                        0354
        _A_TA0CCR2_L                        NOT NEEDED
        _A_TA0IV_L                          036E
        counter_A01                         1C48
        counter_A02                         1C4A
        counter_A00                         1C4C
        delay_time                          1C4E
        time_ms                             1C50
        aux_time_ms                         1C54
        ir_ready_to_print                   NOT NEEDED
        waiting                             1CB1
        init_Timer_A0                       5566
        handle_quart_second_delay           5590
        handle_procedural_delay             5510
        Timer0_A0_ISR                       43FC
        Timer0_A1_ISR                       445C
        Timer0_A1_ISR::??INTVEC 88          FFE8
        Timer0_A0_ISR::??INTVEC 90          FFEA
        ?setjmp_save_r4                     NOT NEEDED
        ?setjmp_save_r5                     NOT NEEDED
        PBOUT                               0222
        PBOUT_H                             0223
        PBOUT_L                             0222
        TA0CTL                              0340
        TA0CTL_H                            0341
        TA0CTL_L                            0340
        TA0CCTL1                            0344
        TA0CCTL1_H                          0345
        TA0CCTL1_L                          0344
        TA0CCTL2                            0346
        TA0CCTL2_H                          0347
        TA0CCTL2_L                          0346
        TA0CCR0                             0352
        TA0CCR0_H                           0353
        TA0CCR0_L                           0352
        TA0CCR1                             0354
        TA0CCR1_H                           0355
        TA0CCR1_L                           0354
        TA0CCR2                             0356
        TA0CCR2_H                           0357
        TA0CCR2_L                           0356
        TA0IV                               036E
        TA0IV_H                             036F
        TA0IV_L                             036E
        Timer0_A0_ISR::string_index         1CB2
timerB0 ( C:\Users\shmes\Desktop\Escritorio Personal\Escuela\ECE\306\ECE306\Project_10\Debug\Obj\timerB0.r43 )
        _A_TB0CTL_L                         03C0
        _A_TB0CCTL3_L                       03C8
        _A_TB0CCTL4_L                       03CA
        _A_TB0CCTL5_L                       03CC
        _A_TB0CCTL6_L                       03CE
        _A_TB0CCR3_L                        03D8
        _A_TB0CCR4_L                        03DA
        _A_TB0CCR5_L                        03DC
        _A_TB0CCR6_L                        03DE
        init_Timer_B0                       54AA
        ?setjmp_save_r4                     NOT NEEDED
        ?setjmp_save_r5                     NOT NEEDED
        TB0CTL                              03C0
        TB0CTL_H                            03C1
        TB0CTL_L                            03C0
        TB0CCTL3                            03C8
        TB0CCTL3_H                          03C9
        TB0CCTL3_L                          03C8
        TB0CCTL4                            03CA
        TB0CCTL4_H                          03CB
        TB0CCTL4_L                          03CA
        TB0CCTL5                            03CC
        TB0CCTL5_H                          03CD
        TB0CCTL5_L                          03CC
        TB0CCTL6                            03CE
        TB0CCTL6_H                          03CF
        TB0CCTL6_L                          03CE
        TB0CCR3                             03D8
        TB0CCR3_H                           03D9
        TB0CCR3_L                           03D8
        TB0CCR4                             03DA
        TB0CCR4_H                           03DB
        TB0CCR4_L                           03DA
        TB0CCR5                             03DC
        TB0CCR5_H                           03DD
        TB0CCR5_L                           03DC
        TB0CCR6                             03DE
        TB0CCR6_H                           03DF
        TB0CCR6_L                           03DE
wheels ( C:\Users\shmes\Desktop\Escritorio Personal\Escuela\ECE\306\ECE306\Project_10\Debug\Obj\wheels.r43 )
        _A_TA0CCTL0_L                       NOT NEEDED
        _A_TA0CCTL1_L                       NOT NEEDED
        _A_TA0CCTL2_L                       NOT NEEDED
        _A_TB0CCR3_L                        NOT NEEDED
        _A_TB0CCR4_L                        NOT NEEDED
        _A_TB0CCR5_L                        NOT NEEDED
        _A_TB0CCR6_L                        NOT NEEDED
        left_forward_flag                   1CB3
        left_reverse_flag                   1CB4
        right_forward_flag                  1CB5
        right_reverse_flag                  1CB6
        instruction_label_tmp               NOT NEEDED
        LastDir                             1CB7
        right_pwm                           NOT NEEDED
        left_pwm                            NOT NEEDED
        ld                                  NOT NEEDED
        rd                                  NOT NEEDED
        init_PID                            592A
        pid_udpate_left                     5058
        initialize_delay                    NOT NEEDED
        update_instruction_label            NOT NEEDED
        Left_Motor_OFF                      5852
        Right_Motor_OFF                     57DA
        Wheels_OFF                          58F4
        Left_Motor_ON_FORWARD               56F4
        Right_Motor_ON_FORWARD              5748
        Drive_Straight_Forward              NOT NEEDED
        Left_Motor_ON_REVERSE               572C
        Right_Motor_ON_REVERSE              5710
        turn                                4876
        drive_to_black_line                 4FC6
        ?setjmp_save_r4                     NOT NEEDED
        ?setjmp_save_r5                     NOT NEEDED
        TA0CCTL0                            0342
        TA0CCTL0_H                          0343
        TA0CCTL0_L                          0342
        TA0CCTL1                            0344
        TA0CCTL1_H                          0345
        TA0CCTL1_L                          0344
        TA0CCTL2                            0346
        TA0CCTL2_H                          0347
        TA0CCTL2_L                          0346
        TB0CCR3                             03D8
        TB0CCR3_H                           03D9
        TB0CCR3_L                           03D8
        TB0CCR4                             03DA
        TB0CCR4_H                           03DB
        TB0CCR4_L                           03DA
        TB0CCR5                             03DC
        TB0CCR5_H                           03DD
        TB0CCR5_L                           03DC
        TB0CCR6                             03DE
        TB0CCR6_H                           03DF
        TB0CCR6_L                           03DE
?abort ( C:\Program Files (x86)\IAR Systems\Embedded Workbench 8.0\430\lib\dlib\dl430xlsfn.r43 )
        abort                               NOT NEEDED
?__dbg_break ( C:\Program Files (x86)\IAR Systems\Embedded Workbench 8.0\430\lib\dlib\dl430xlsfn.r43 )
        __DebugBreak                        592C
?__dwrite ( C:\Program Files (x86)\IAR Systems\Embedded Workbench 8.0\430\lib\dlib\dl430xlsfn.r43 )
        __dwrite                            NOT NEEDED
?__exit ( C:\Program Files (x86)\IAR Systems\Embedded Workbench 8.0\430\lib\dlib\dl430xlsfn.r43 )
        __exit                              583E
?__write ( C:\Program Files (x86)\IAR Systems\Embedded Workbench 8.0\430\lib\dlib\dl430xlsfn.r43 )
        __write                             NOT NEEDED
?_exit ( C:\Program Files (x86)\IAR Systems\Embedded Workbench 8.0\430\lib\dlib\dl430xlsfn.r43 )
        _exit                               591E
        __cstart_call_dtors                 NOT NEEDED
        __cstart_closeall                   NOT NEEDED
        __cstart_clearlocks                 NOT NEEDED
?cppinit ( C:\Program Files (x86)\IAR Systems\Embedded Workbench 8.0\430\lib\dlib\dl430xlsfn.r43 )
        __call_ctors                        NOT NEEDED
        __alloc_record_needed_destruction   NOT NEEDED
        __record_needed_destruction         NOT NEEDED
        __call_dtors                        NOT NEEDED
        __data16_vec_cctor                  NOT NEEDED
?cstart ( C:\Program Files (x86)\IAR Systems\Embedded Workbench 8.0\430\lib\dlib\dl430xlsfn.r43 )
        __program_start                     42A6
        ?cstart_begin                       42A6
        ?cstart_call_mpu_init               NOT NEEDED
        ?cstart_call_frwp_init              NOT NEEDED
        ?cstart_call_low_level_init         NOT NEEDED
        ?cstart_init_copy_ramfunc           NOT NEEDED
        ?cstart_init_zero                   42AA
        ?cstart_init_copy                   42B6
        ?cstart_init_zero20                 NOT NEEDED
        ?cstart_init_copy20                 NOT NEEDED
        __cstart_init_tls                   NOT NEEDED
        ?cstart_call_ctors                  NOT NEEDED
        ?cstart_call_main                   42C6
        ?cstart_end                         42CE
lowinit ( C:\Program Files (x86)\IAR Systems\Embedded Workbench 8.0\430\lib\dlib\dl430xlsfn.r43 )
        __low_level_init                    NOT NEEDED
?reset_vector ( C:\Program Files (x86)\IAR Systems\Embedded Workbench 8.0\430\lib\dlib\dl430xlsfn.r43 )
        ?reset_vector                       FFFE
?exit ( C:\Program Files (x86)\IAR Systems\Embedded Workbench 8.0\430\lib\dlib\dl430xlsfn.r43 )
        exit                                5926
?FrwpInit ( C:\Program Files (x86)\IAR Systems\Embedded Workbench 8.0\430\lib\dlib\dl430xlsfn.r43 )
        __iar_430_frwp_init                 NOT NEEDED
?malloc ( C:\Program Files (x86)\IAR Systems\Embedded Workbench 8.0\430\lib\dlib\dl430xlsfn.r43 )
        malloc                              NOT NEEDED
?DivMod816u ( C:\Program Files (x86)\IAR Systems\Embedded Workbench 8.0\430\lib\dlib\dl430xlsfn.r43 )
        ?DivMod8u                           NOT NEEDED
        ?DivMod16u                          5798
?DivMod816s ( C:\Program Files (x86)\IAR Systems\Embedded Workbench 8.0\430\lib\dlib\dl430xlsfn.r43 )
        ?DivMod8s                           NOT NEEDED
        ?DivMod16s                          54E0
?memcpy ( C:\Program Files (x86)\IAR Systems\Embedded Workbench 8.0\430\lib\dlib\dl430xlsfn.r43 )
        memcpy                              588C
?memmove ( C:\Program Files (x86)\IAR Systems\Embedded Workbench 8.0\430\lib\dlib\dl430xlsfn.r43 )
        memmove                             NOT NEEDED
?memzero ( C:\Program Files (x86)\IAR Systems\Embedded Workbench 8.0\430\lib\dlib\dl430xlsfn.r43 )
        __data16_memzero                    58AE
        __data16_memcpy                     5922
        __data16_memmove                    NOT NEEDED
?MpuInit ( C:\Program Files (x86)\IAR Systems\Embedded Workbench 8.0\430\lib\dlib\dl430xlsfn.r43 )
        __iar_430_mpu_init                  NOT NEEDED
        ?mpu1_4k_init                       NOT NEEDED
        ?mpu1_8k_init                       NOT NEEDED
        ?mpu1_16k_init                      NOT NEEDED
        ?mpu2_init                          NOT NEEDED
?setjmp ( C:\Program Files (x86)\IAR Systems\Embedded Workbench 8.0\430\lib\dlib\dl430xlsfn.r43 )
        setjmp                              NOT NEEDED
        ?setjmp_r5                          NOT NEEDED
        ?setjmp_r4                          NOT NEEDED
        ?setjmp_end                         NOT NEEDED
?longjmp ( C:\Program Files (x86)\IAR Systems\Embedded Workbench 8.0\430\lib\dlib\dl430xlsfn.r43 )
        longjmp                             NOT NEEDED
        ?longjmp_r5                         NOT NEEDED
        ?longjmp_r4                         NOT NEEDED
        ?longjmp_end                        NOT NEEDED
?IndCallR11 ( C:\Program Files (x86)\IAR Systems\Embedded Workbench 8.0\430\lib\dlib\dl430xlsfn.r43 )
        ?IndCallR11                         NOT NEEDED
?IndCallR15 ( C:\Program Files (x86)\IAR Systems\Embedded Workbench 8.0\430\lib\dlib\dl430xlsfn.r43 )
        ?IndCallR15                         NOT NEEDED
?strcpy ( C:\Program Files (x86)\IAR Systems\Embedded Workbench 8.0\430\lib\dlib\dl430xlsfn.r43 )
        strcpy                              589E
?strncpy ( C:\Program Files (x86)\IAR Systems\Embedded Workbench 8.0\430\lib\dlib\dl430xlsfn.r43 )
        strncpy                             5696
?xcloseall ( C:\Program Files (x86)\IAR Systems\Embedded Workbench 8.0\430\lib\dlib\dl430xlsfn.r43 )
        _Close_all                          NOT NEEDED
?xgetmemchunk ( C:\Program Files (x86)\IAR Systems\Embedded Workbench 8.0\430\lib\dlib\dl430xlsfn.r43 )
        __data16_GetMemChunk                NOT NEEDED
?xxmemxfree ( C:\Program Files (x86)\IAR Systems\Embedded Workbench 8.0\430\lib\dlib\dl430xlsfn.r43 )
        __data16_free                       NOT NEEDED
?xxmemxmalloc ( C:\Program Files (x86)\IAR Systems\Embedded Workbench 8.0\430\lib\dlib\dl430xlsfn.r43 )
        __data16_Aldata                     NOT NEEDED
        __data16_malloc                     NOT NEEDED
        __data16_findmem                     LOCAL, NOT NEEDED


                ****************************************
                *                                      *
                *            MODULE SUMMARY            *
                *                                      *
                ****************************************

Module               CODE      DATA      CONST
------               ----      ----      -----
                    (Rel)  (Rel)  (Abs)  (Rel)
?DivMod816s            48
?DivMod816u            24
?__dbg_break            2
?__exit                20
?_exit                  4
?cstart                40
?exit                   4
?memcpy                18
?memzero               20
?reset_vector           2
?strcpy                16
?strncpy               34
LCD                   690     56      8
  + shared                            8
adc12_B               146     10     22      4
  + shared             94             2
  + common
clocks                106            12
  + shared                            2
init                   80
main                   76             2
menu                  432     20           216
ports               1 502      2     44     44
  + shared             68             6
  + common
serial              1 430     72     36    334
  + common             98
system                  6
timerA0               270     18      8
  + common             92
timerB0                54            10
  + shared                            8
wheels                746      5            78
N/A (command line)           160
N/A (alignment)
----------          -----    ---    ---    ---
Total:              5 770    343    168    676
  + common             98


                ****************************************
                *                                      *
                *      SEGMENTS IN ADDRESS ORDER       *
                *                                      *
                ****************************************


SEGMENT              SPACE    START ADDRESS   END ADDRESS     SIZE  TYPE  ALIGN
=======              =====    =============   ===========     ====  ====  =====
DATA16_AN                              0130 - 0131               2   rel    0
                                       015C - 015D               2 
                                       0160 - 0169               A 
                                       0202 - 0205               4 
                                       020A - 020D               4 
                                       0222 - 0225               4 
                                       022A - 022D               4 
                                       0238 - 023D               6 
                                       0242 - 0247               6 
                                       024A - 024D               4 
                                       0258 - 025D               6 
                                       0262 - 0265               4 
                                       026A - 026D               4 
                                       0322 - 0325               4 
                                       032A - 032D               4 
                                       0340 - 0347               8 
                                       0352 - 0357               6 
                                       036E - 036F               2 
                                       03C0 - 03C1               2 
                                       03C8 - 03CF               8 
                                       03D8 - 03DF               8 
                                       05C0 - 05C1               2 
                                       05C6 - 05CF               A 
                                       05DA - 05DF               6 
                                       0620 - 0621               2 
                                       0626 - 062F               A 
                                       063A - 063F               6 
                                       0680 - 0681               2 
                                       0686 - 0687               2 
                                       068E - 068F               2 
                                       06AC - 06AD               2 
                                       0800 - 0807               8 
                                       0812 - 0813               2 
                                       0820 - 0825               6 
                                       0860 - 0865               6 
DATA16_I                               1C00 - 1C36              37   rel    1
DATA16_Z                               1C38 - 1CB7              80   rel    1
CODE_I                                    1CB8                       rel    1
DATA20_I                                  1CB8                       rel    1
DATA20_Z                                  1CB8                       rel    1
DATA20_N                                  1CB8                       rel    1
CSTACK                                 2B60 - 2BFF              A0   rel    1
DATA16_C                               4000 - 426C             26D   rel    0
DATA16_ID                              426E - 42A4              37   rel    1
CSTART                                 42A6 - 42CD              28   rel    1
ISR_CODE                               42CE - 448B             1BE   rel    1
<CODE> 1                               448C - 592D            14A2   rel    1
DATA20_ID                                 592E                       rel    1
CODE_ID                                   592E                       rel    1
DATA20_C                                  592E                       rel    1
INTVEC                                 FF90 - FFF1              62   com    1
RESET                                  FFFE - FFFF               2   rel    1

                ****************************************
                *                                      *
                *        END OF CROSS REFERENCE        *
                *                                      *
                ****************************************

 5 868 bytes of CODE  memory
   343 bytes of DATA  memory (+ 168 absolute )
   676 bytes of CONST memory

Errors: none
Warnings: none

