################################################################################
#                                                                              #
#      IAR Universal Linker V6.5.1.95                                          #
#                                                                              #
#           Link time     =  02/Feb/2018  11:09:14                             #
#           Target CPU    =  MSP430                                            #
#           List file     =  "C:\Users\shmes\Desktop\Escritorio Personal\Escue #
#                            la\ECE\306\ECE306-When-Shit-Got-Real\Project_04\D #
#                            ebug\List\Project 04.map"                         #
#           Output file 1 =  "C:\Users\shmes\Desktop\Escritorio Personal\Escue #
#                            la\ECE\306\ECE306-When-Shit-Got-Real\Project_04\D #
#                            ebug\Exe\Project 04.d43"                          #
#                            Format: ubrof10                                   #
#                            UBROF version 10.0.6                              #
#                            Using library modules for C-SPY (-rt)             #
#           Command line  =  -f C:\Users\shmes\AppData\Local\Temp\EWA4F9.tmp   #
#                            ("C:\Users\shmes\Desktop\Escritorio Personal\Escu #
#                            ela\ECE\306\ECE306-When-Shit-Got-Real\Project_04\ #
#                            Debug\Obj\clocks.r43"                             #
#                            "C:\Users\shmes\Desktop\Escritorio Personal\Escue #
#                            la\ECE\306\ECE306-When-Shit-Got-Real\Project_04\D #
#                            ebug\Obj\init.r43"                                #
#                            "C:\Users\shmes\Desktop\Escritorio Personal\Escue #
#                            la\ECE\306\ECE306-When-Shit-Got-Real\Project_04\L #
#                            CD.r43"                                           #
#                            "C:\Users\shmes\Desktop\Escritorio Personal\Escue #
#                            la\ECE\306\ECE306-When-Shit-Got-Real\Project_04\D #
#                            ebug\Obj\led.r43"                                 #
#                            "C:\Users\shmes\Desktop\Escritorio Personal\Escue #
#                            la\ECE\306\ECE306-When-Shit-Got-Real\Project_04\D #
#                            ebug\Obj\main.r43"                                #
#                            "C:\Users\shmes\Desktop\Escritorio Personal\Escue #
#                            la\ECE\306\ECE306-When-Shit-Got-Real\Project_04\D #
#                            ebug\Obj\ports.r43"                               #
#                            "C:\Users\shmes\Desktop\Escritorio Personal\Escue #
#                            la\ECE\306\ECE306-When-Shit-Got-Real\Project_04\D #
#                            ebug\Obj\switches.r43"                            #
#                            "C:\Users\shmes\Desktop\Escritorio Personal\Escue #
#                            la\ECE\306\ECE306-When-Shit-Got-Real\Project_04\D #
#                            ebug\Obj\system.r43"                              #
#                            "C:\Users\shmes\Desktop\Escritorio Personal\Escue #
#                            la\ECE\306\ECE306-When-Shit-Got-Real\Project_04\t #
#                            imersA0.r43"                                      #
#                            -o                                                #
#                            "C:\Users\shmes\Desktop\Escritorio Personal\Escue #
#                            la\ECE\306\ECE306-When-Shit-Got-Real\Project_04\D #
#                            ebug\Exe\Project 04.d43"                          #
#                            -l                                                #
#                            "C:\Users\shmes\Desktop\Escritorio Personal\Escue #
#                            la\ECE\306\ECE306-When-Shit-Got-Real\Project_04\D #
#                            ebug\List\Project 04.map"                         #
#                            -xesni                                            #
#                            "-IC:\Program Files (x86)\IAR Systems\Embedded Wo #
#                            rkbench 8.0\430\LIB\"                             #
#                            -f                                                #
#                            "C:\Program Files (x86)\IAR Systems\Embedded Work #
#                            bench 8.0\430\config\linker\lnk430fr5994.xcl"     #
#                            (-cmsp430 -QCODE_I=CODE_ID -QTLS16_I=TLS16_ID     #
#                            -D__iar_HWMUL=4C0 -Z(CONST)INFO=1800-19FF         #
#                            -Z(CONST)INFOA=1980-19FF                          #
#                            -Z(CONST)INFOB=1900-197F                          #
#                            -Z(CONST)INFOC=1880-18FF                          #
#                            -Z(CONST)INFOD=1800-187F                          #
#                            -Z(DATA)TINYRAM=000A-001F                         #
#                            -Z(DATA)LEARAM=2C00-3AC7                          #
#                            -Z(DATA)LEASTACK=3AC8-3BFF                        #
#                            -Z(DATA)DATA16_I,DATA16_Z,DATA16_N,TLS16_I=1C00-2 #
#                            BFF                                               #
#                            -Z(DATA)CODE_I                                    #
#                            -Z(DATA)DATA20_I,DATA20_Z,DATA20_N                #
#                            -Z(DATA)CSTACK+_STACK_SIZE#                       #
#                            -Z(CONST)DATA16_P,DATA20_P=4000-FF7F              #
#                            -Z(DATA)DATA16_HEAP+_DATA16_HEAP_SIZE             #
#                            -Z(DATA)DATA20_HEAP+_DATA20_HEAP_SIZE             #
#                            -Z(CONST)MPU_B1 -Z(CONST)IPE_B1=4000-FF7F         #
#                            -Z(DATA)IPEDATA16_N -Z(CODE)IPECODE16             #
#                            -Z(CONST)IPEDATA16_C,IPE_B2 -Z(CONST)MPU_B2       #
#                            -Z(CONST)DATA16_C,DATA16_ID,TLS16_ID,DIFUNCT,CHEC #
#                            KSUM=4000-FF7F                                    #
#                            -Z(CODE)CSTART,ISR_CODE,CODE16=4000-FF7F          #
#                            -P(CODE)CODE=4000-FF7F,10000-43FFF                #
#                            -Z(CODE)CODE_PAD                                  #
#                            -Z(CONST)DATA20_C,DATA20_ID,CODE_ID=4000-FF7F,100 #
#                            40-43FFF                                          #
#                            -Z(CONST)JTAGSIGNATURE=FF80-FF83                  #
#                            -Z(CONST)BSLSIGNATURE=FF84-FF87                   #
#                            -Z(CONST)IPESIGNATURE=FF88-FF8F                   #
#                            -Z(CODE)INTVEC=FF90-FFFF                          #
#                            -Z(CODE)RESET=FFFE-FFFF) -f                       #
#                            "C:\Program Files (x86)\IAR Systems\Embedded Work #
#                            bench 8.0\430\config\linker\multiplier32.xcl"     #
#                            (-e?Mul8Hw=?Mul8 -e?Mul16Hw=?Mul16                #
#                            -e?Mul16to32uHw=?Mul16to32u                       #
#                            -e?Mul16to32sHw=?Mul16to32s -e?Mul32Hw32=?Mul32   #
#                            -e?Mul64Hw32=_Mul64i                              #
#                            -e?Mul32u32uto64iHw32=_Mul32u32uto64i             #
#                            -e?Mul32fHw32=_Mul32f                             #
#                            -e_Mul64fHw32Ptr=_Mul64fPtr) -D_STACK_SIZE=A0     #
#                            -rt                                               #
#                            "C:\Program Files (x86)\IAR Systems\Embedded Work #
#                            bench 8.0\430\lib\dlib\dl430xlsfn.r43"            #
#                            -e_PrintfLarge=_Printf -e_ScanfLarge=_Scanf       #
#                            -D_DATA16_HEAP_SIZE=A0 -s __program_start         #
#                            -D_DATA20_HEAP_SIZE=50)                           #
#                                                                              #
#                           Copyright (C) 1987-2016 IAR Systems AB.            #
################################################################################





                ****************************************
                *                                      *
                *           CROSS REFERENCE            *
                *                                      *
                ****************************************

       Program entry at :           4022  Relocatable, from module : ?cstart




                ****************************************
                *                                      *
                *            RUNTIME MODEL             *
                *                                      *
                ****************************************

  __Heap_Handler             = Basic
  __SystemLibrary            = DLib
  __code_model               = large
  __core                     = 430X
  __data_model               = small
  __dlib_file_descriptor     = 0
  __dlib_full_locale_support = 0
  __double_size              = 32
  __pic                      = no
  __reg_r4                   = free
  __reg_r5                   = free
  __rt_version               = 3

                ****************************************
                *                                      *
                *    AUTOMATIC SYMBOL REDIRECTIONS     *
                *                                      *
                ****************************************

                  There are no automatic symbol redirections.

                ****************************************
                *                                      *
                *              ENTRY LIST              *
                *                                      *
                ****************************************

Module  Entry                              Address
------  -----                              -------
?FILLER_BYTES
?ABS_ENTRY_MOD
        _DATA20_HEAP_SIZE                   0050
        _DATA16_HEAP_SIZE                   00A0
        _STACK_SIZE                         00A0
        __iar_HWMUL                         04C0
clocks ( C:\Users\shmes\Desktop\Escritorio Personal\Escuela\ECE\306\ECE306-When-Shit-Got-Real\Project_04\Debug\Obj\clocks.r43 )
        _A_CSCTL0_L                         0160
        _A_CSCTL1_L                         0162
        _A_CSCTL2_L                         0164
        _A_CSCTL3_L                         0166
        _A_CSCTL4_L                         0168
        _A_WDTCTL_L                         015C
        Init_Clocks                         4716
        ?setjmp_save_r4                     NOT NEEDED
        ?setjmp_save_r5                     NOT NEEDED
        CSCTL0                              0160
        CSCTL0_H                            0161
        CSCTL0_L                            0160
        CSCTL1                              0162
        CSCTL1_H                            0163
        CSCTL1_L                            0162
        CSCTL2                              0164
        CSCTL2_H                            0165
        CSCTL2_L                            0164
        CSCTL3                              0166
        CSCTL3_H                            0167
        CSCTL3_L                            0166
        CSCTL4                              0168
        CSCTL4_H                            0169
        CSCTL4_L                            0168
        WDTCTL                              015C
        WDTCTL_H                            015D
        WDTCTL_L                            015C
init ( C:\Users\shmes\Desktop\Escritorio Personal\Escuela\ECE\306\ECE306-When-Shit-Got-Real\Project_04\Debug\Obj\init.r43 )
        Init_Conditions                     4762
        ?setjmp_save_r4                     NOT NEEDED
        ?setjmp_save_r5                     NOT NEEDED
LCD ( C:\Users\shmes\Desktop\Escritorio Personal\Escuela\ECE\306\ECE306-When-Shit-Got-Real\Project_04\LCD.r43 )
        _A_PBOUT_L                          0222
        _A_PCOUT_L                          0242
        _A_TA0CCTL2_L                       0346
        _A_TA0CCR2_L                        0356
        _A_UCB1CTLW0_L                      0680
        _A_UCB1BRW_L                        0686
        _A_UCB1TXBUF_L                      068E
        _A_UCB1IFG_L                        06AC
        lcd_control                         NOT NEEDED
        display_line                        1C20
        display                             1C00
        posi_L1                             NOT NEEDED
        posi_L2                             NOT NEEDED
        posi_L3                             NOT NEEDED
        posi_L4                             NOT NEEDED
        char_count                          NOT NEEDED
        current_line                        NOT NEEDED
        update_display_count                1C08
        display_update_time                 NOT NEEDED
        update_display                      1C4C
        display_changed                     1C4D
        LCD_test                            NOT NEEDED
        spi_chipselect_idle                 4A10
        spi_chipselect_active               4A5E
        spi_reset_idle                      4A7C
        spi_reset_active                    4A88
        Display_Process                     NOT NEEDED
        Display_Update                      NOT NEEDED
        enable_display_update               4A50
        update_string                       4952
        Init_LCD                            460C
        lcd_4line                           4A42
        lcd_BIG_mid                         4934
        lcd_out                             NOT NEEDED
        lcd_puts                            NOT NEEDED
        WriteIns                            490E
        WriteData                           NOT NEEDED
        CheckBusy                           NOT NEEDED
        ClrDisplay                          496E
        ClrDisplay_Buffer_0                 49E8
        ClrDisplay_Buffer_1                 49D4
        ClrDisplay_Buffer_2                 49C0
        ClrDisplay_Buffer_3                 49AC
        SetPostion                          NOT NEEDED
        DisplayOnOff                        4998
        Init_SPI_B1                         4870
        SPI_B1_write                        49FC
        ?setjmp_save_r4                     NOT NEEDED
        ?setjmp_save_r5                     NOT NEEDED
        PBOUT                               0222
        PBOUT_H                             0223
        PBOUT_L                             0222
        PCOUT                               0242
        PCOUT_H                             0243
        PCOUT_L                             0242
        TA0CCTL2                            0346
        TA0CCTL2_H                          0347
        TA0CCTL2_L                          0346
        TA0CCR2                             0356
        TA0CCR2_H                           0357
        TA0CCR2_L                           0356
        UCB1CTLW0                           0680
        UCB1CTLW0_H                         0681
        UCB1CTLW0_L                         0680
        UCB1BRW                             0686
        UCB1BRW_H                           0687
        UCB1BRW_L                           0686
        UCB1TXBUF                           068E
        UCB1TXBUF_H                         068F
        UCB1TXBUF_L                         068E
        UCB1IFG                             06AC
        UCB1IFG_H                           06AD
        UCB1IFG_L                           06AC
led ( C:\Users\shmes\Desktop\Escritorio Personal\Escuela\ECE\306\ECE306-When-Shit-Got-Real\Project_04\Debug\Obj\led.r43 )
        _A_PAOUT_L                          0202
        _A_PBIN_L                           0220
        Init_LEDs                           4A6A
        updateBacklight                     NOT NEEDED
        ?setjmp_save_r4                     NOT NEEDED
        ?setjmp_save_r5                     NOT NEEDED
        PAOUT                               0202
        PAOUT_H                             0203
        PAOUT_L                             0202
        PBIN                                0220
        PBIN_H                              0221
        PBIN_L                              0220
main ( C:\Users\shmes\Desktop\Escritorio Personal\Escuela\ECE\306\ECE306-When-Shit-Got-Real\Project_04\Debug\Obj\main.r43 )
        _A_PM5CTL0_L                        0130
        slow_input_down                     NOT NEEDED
        display_mode                        NOT NEEDED
        main                                40AE
        ?setjmp_save_r4                     NOT NEEDED
        ?setjmp_save_r5                     NOT NEEDED
        PM5CTL0                             0130
        PM5CTL0_H                           0131
        PM5CTL0_L                           0130
ports ( C:\Users\shmes\Desktop\Escritorio Personal\Escuela\ECE\306\ECE306-When-Shit-Got-Real\Project_04\Debug\Obj\ports.r43 )
        _A_PAOUT_L                          NOT NEEDED
        _A_PADIR_L                          0204
        _A_PASEL0_L                         020A
        _A_PASEL1_L                         020C
        _A_PBOUT_L                          NOT NEEDED
        _A_PBDIR_L                          0224
        _A_PBSEL0_L                         022A
        _A_PBSEL1_L                         022C
        _A_PCOUT_L                          NOT NEEDED
        _A_PCDIR_L                          0244
        _A_PCREN_L                          0246
        _A_PCSEL0_L                         024A
        _A_PCSEL1_L                         024C
        Init_Port1                          46A8
        Init_Port2                          456A
        Init_Port3                          4186
        Init_Port4                          4384
        Init_Port5                          42E2
        Init_Port6                          4240
        Init_Port7                          4426
        Init_Port8                          47AA
        Init_PortJ                          44C8
        Init_Ports                          48E8
        ?setjmp_save_r4                     NOT NEEDED
        ?setjmp_save_r5                     NOT NEEDED
        PAOUT                               0202
        PAOUT_H                             0203
        PAOUT_L                             0202
        PADIR                               0204
        PADIR_H                             0205
        PADIR_L                             0204
        PASEL0                              020A
        PASEL0_H                            020B
        PASEL0_L                            020A
        PASEL1                              020C
        PASEL1_H                            020D
        PASEL1_L                            020C
        PBOUT                               0222
        PBOUT_H                             0223
        PBOUT_L                             0222
        PBDIR                               0224
        PBDIR_H                             0225
        PBDIR_L                             0224
        PBSEL0                              022A
        PBSEL0_H                            022B
        PBSEL0_L                            022A
        PBSEL1                              022C
        PBSEL1_H                            022D
        PBSEL1_L                            022C
        PCOUT                               0242
        PCOUT_H                             0243
        PCOUT_L                             0242
        PCDIR                               0244
        PCDIR_H                             0245
        PCDIR_L                             0244
        PCREN                               0246
        PCREN_H                             0247
        PCREN_L                             0246
        PCSEL0                              024A
        PCSEL0_H                            024B
        PCSEL0_L                            024A
        PCSEL1                              024C
        PCSEL1_H                            024D
        PCSEL1_L                            024C
switches ( C:\Users\shmes\Desktop\Escritorio Personal\Escuela\ECE\306\ECE306-When-Shit-Got-Real\Project_04\Debug\Obj\switches.r43 )
        _A_PAOUT_L                          NOT NEEDED
        _A_PCIN_L                           0240
        _A_PCOUT_L                          NOT NEEDED
        _A_PCDIR_L                          NOT NEEDED
        flag_RED_LED_ON                     1C4E
        flag_GRN_LED_ON                     1C4F
        enable_switch_BUTTON1               NOT NEEDED
        enable_switch_BUTTON2               NOT NEEDED
        Init_Switches                       NOT NEEDED
        disable_switch_BUTTON1              NOT NEEDED
        disable_switch_BUTTON2              NOT NEEDED
        Switch1_Process                     47EC
        Switch2_Process                     482E
        Switches_Process                    4A74
        ?setjmp_save_r4                     NOT NEEDED
        ?setjmp_save_r5                     NOT NEEDED
        PAOUT                               0202
        PAOUT_H                             0203
        PAOUT_L                             0202
        PCIN                                0240
        PCIN_H                              0241
        PCIN_L                              0240
        PCOUT                               0242
        PCOUT_H                             0243
        PCOUT_L                             0242
        PCDIR                               0244
        PCDIR_H                             0245
        PCDIR_L                             0244
        Switch1_Process::r_counter          1C0A
        Switch2_Process::g_counter          1C12
system ( C:\Users\shmes\Desktop\Escritorio Personal\Escuela\ECE\306\ECE306-When-Shit-Got-Real\Project_04\Debug\Obj\system.r43 )
        enable_interrupts                   4A82
        ?setjmp_save_r4                     NOT NEEDED
        ?setjmp_save_r5                     NOT NEEDED
timersA0 ( C:\Users\shmes\Desktop\Escritorio Personal\Escuela\ECE\306\ECE306-When-Shit-Got-Real\Project_04\timersA0.r43 )
        _A_TA0CTL_L                         0340
        _A_TA0CCTL0_L                       0342
        _A_TA0CCR0_L                        0352
        _A_TA0CCR1_L                        0354
        _A_TA0CCR2_L                        NOT NEEDED
        _A_TA0EX0_L                         0360
        _A_TA0IV_L                          036E
        five_msec_count                     1C1A
        Time_Sequence                       1C1C
        one_time                            1C50
        time_pass_by                        1C1E
        Init_Timers                         4A92
        Init_Timer_A0                       48AE
        Timer0_A0_ISR                       403A
        TIMER0_A1_ISR                       4080
        TIMER0_A1_ISR::??INTVEC 88          FFE8
        Timer0_A0_ISR::??INTVEC 90          FFEA
        ?setjmp_save_r4                     NOT NEEDED
        ?setjmp_save_r5                     NOT NEEDED
        TA0CTL                              0340
        TA0CTL_H                            0341
        TA0CTL_L                            0340
        TA0CCTL0                            0342
        TA0CCTL0_H                          0343
        TA0CCTL0_L                          0342
        TA0CCR0                             0352
        TA0CCR0_H                           0353
        TA0CCR0_L                           0352
        TA0CCR1                             0354
        TA0CCR1_H                           0355
        TA0CCR1_L                           0354
        TA0CCR2                             0356
        TA0CCR2_H                           0357
        TA0CCR2_L                           0356
        TA0EX0                              0360
        TA0EX0_H                            0361
        TA0EX0_L                            0360
        TA0IV                               036E
        TA0IV_H                             036F
        TA0IV_L                             036E
?abort ( C:\Program Files (x86)\IAR Systems\Embedded Workbench 8.0\430\lib\dlib\dl430xlsfn.r43 )
        abort                               NOT NEEDED
?__dbg_break ( C:\Program Files (x86)\IAR Systems\Embedded Workbench 8.0\430\lib\dlib\dl430xlsfn.r43 )
        __DebugBreak                        4A9A
?__dwrite ( C:\Program Files (x86)\IAR Systems\Embedded Workbench 8.0\430\lib\dlib\dl430xlsfn.r43 )
        __dwrite                            NOT NEEDED
?__exit ( C:\Program Files (x86)\IAR Systems\Embedded Workbench 8.0\430\lib\dlib\dl430xlsfn.r43 )
        __exit                              4984
?__write ( C:\Program Files (x86)\IAR Systems\Embedded Workbench 8.0\430\lib\dlib\dl430xlsfn.r43 )
        __write                             NOT NEEDED
?_exit ( C:\Program Files (x86)\IAR Systems\Embedded Workbench 8.0\430\lib\dlib\dl430xlsfn.r43 )
        _exit                               4A96
        __cstart_call_dtors                 NOT NEEDED
        __cstart_closeall                   NOT NEEDED
        __cstart_clearlocks                 NOT NEEDED
?cppinit ( C:\Program Files (x86)\IAR Systems\Embedded Workbench 8.0\430\lib\dlib\dl430xlsfn.r43 )
        __call_ctors                        NOT NEEDED
        __alloc_record_needed_destruction   NOT NEEDED
        __record_needed_destruction         NOT NEEDED
        __call_dtors                        NOT NEEDED
        __data16_vec_cctor                  NOT NEEDED
?cstart ( C:\Program Files (x86)\IAR Systems\Embedded Workbench 8.0\430\lib\dlib\dl430xlsfn.r43 )
        __program_start                     4022
        ?cstart_begin                       4022
        ?cstart_call_mpu_init               NOT NEEDED
        ?cstart_call_frwp_init              NOT NEEDED
        ?cstart_call_low_level_init         NOT NEEDED
        ?cstart_init_copy_ramfunc           NOT NEEDED
        ?cstart_init_zero                   4026
        ?cstart_init_copy                   NOT NEEDED
        ?cstart_init_zero20                 NOT NEEDED
        ?cstart_init_copy20                 NOT NEEDED
        __cstart_init_tls                   NOT NEEDED
        ?cstart_call_ctors                  NOT NEEDED
        ?cstart_call_main                   4032
        ?cstart_end                         403A
lowinit ( C:\Program Files (x86)\IAR Systems\Embedded Workbench 8.0\430\lib\dlib\dl430xlsfn.r43 )
        __low_level_init                    NOT NEEDED
?reset_vector ( C:\Program Files (x86)\IAR Systems\Embedded Workbench 8.0\430\lib\dlib\dl430xlsfn.r43 )
        ?reset_vector                       FFFE
?exit ( C:\Program Files (x86)\IAR Systems\Embedded Workbench 8.0\430\lib\dlib\dl430xlsfn.r43 )
        exit                                4A8E
?FrwpInit ( C:\Program Files (x86)\IAR Systems\Embedded Workbench 8.0\430\lib\dlib\dl430xlsfn.r43 )
        __iar_430_frwp_init                 NOT NEEDED
?malloc ( C:\Program Files (x86)\IAR Systems\Embedded Workbench 8.0\430\lib\dlib\dl430xlsfn.r43 )
        malloc                              NOT NEEDED
?memcpy ( C:\Program Files (x86)\IAR Systems\Embedded Workbench 8.0\430\lib\dlib\dl430xlsfn.r43 )
        memcpy                              NOT NEEDED
?memmove ( C:\Program Files (x86)\IAR Systems\Embedded Workbench 8.0\430\lib\dlib\dl430xlsfn.r43 )
        memmove                             NOT NEEDED
?memzero ( C:\Program Files (x86)\IAR Systems\Embedded Workbench 8.0\430\lib\dlib\dl430xlsfn.r43 )
        __data16_memzero                    4A22
        __data16_memcpy                     NOT NEEDED
        __data16_memmove                    NOT NEEDED
?MpuInit ( C:\Program Files (x86)\IAR Systems\Embedded Workbench 8.0\430\lib\dlib\dl430xlsfn.r43 )
        __iar_430_mpu_init                  NOT NEEDED
        ?mpu1_4k_init                       NOT NEEDED
        ?mpu1_8k_init                       NOT NEEDED
        ?mpu1_16k_init                      NOT NEEDED
        ?mpu2_init                          NOT NEEDED
?setjmp ( C:\Program Files (x86)\IAR Systems\Embedded Workbench 8.0\430\lib\dlib\dl430xlsfn.r43 )
        setjmp                              NOT NEEDED
        ?setjmp_r5                          NOT NEEDED
        ?setjmp_r4                          NOT NEEDED
        ?setjmp_end                         NOT NEEDED
?longjmp ( C:\Program Files (x86)\IAR Systems\Embedded Workbench 8.0\430\lib\dlib\dl430xlsfn.r43 )
        longjmp                             NOT NEEDED
        ?longjmp_r5                         NOT NEEDED
        ?longjmp_r4                         NOT NEEDED
        ?longjmp_end                        NOT NEEDED
?IndCallR11 ( C:\Program Files (x86)\IAR Systems\Embedded Workbench 8.0\430\lib\dlib\dl430xlsfn.r43 )
        ?IndCallR11                         NOT NEEDED
?IndCallR15 ( C:\Program Files (x86)\IAR Systems\Embedded Workbench 8.0\430\lib\dlib\dl430xlsfn.r43 )
        ?IndCallR15                         NOT NEEDED
?strcpy ( C:\Program Files (x86)\IAR Systems\Embedded Workbench 8.0\430\lib\dlib\dl430xlsfn.r43 )
        strcpy                              4A32
?xcloseall ( C:\Program Files (x86)\IAR Systems\Embedded Workbench 8.0\430\lib\dlib\dl430xlsfn.r43 )
        _Close_all                          NOT NEEDED
?xgetmemchunk ( C:\Program Files (x86)\IAR Systems\Embedded Workbench 8.0\430\lib\dlib\dl430xlsfn.r43 )
        __data16_GetMemChunk                NOT NEEDED
?xxmemxfree ( C:\Program Files (x86)\IAR Systems\Embedded Workbench 8.0\430\lib\dlib\dl430xlsfn.r43 )
        __data16_free                       NOT NEEDED
?xxmemxmalloc ( C:\Program Files (x86)\IAR Systems\Embedded Workbench 8.0\430\lib\dlib\dl430xlsfn.r43 )
        __data16_Aldata                     NOT NEEDED
        __data16_malloc                     NOT NEEDED
        __data16_findmem                     LOCAL, NOT NEEDED


                ****************************************
                *                                      *
                *            MODULE SUMMARY            *
                *                                      *
                ****************************************

Module               CODE      DATA      CONST
------               ----      ----      -----
                    (Rel)  (Rel)  (Abs)  (Rel)
?__dbg_break            2
?__exit                20
?_exit                  4
?cstart                24
?exit                   4
?memzero               16
?reset_vector           2
?strcpy                16
LCD                   526     56     10
  + shared                            6
clocks                 76            12
init                   72
led                    10             2
  + shared                            2
main                  216             2     33
ports               1 372            18
  + shared                            2
switches              140     18      2
system                  6
timersA0              178      7     12
  + common             92
N/A (command line)           160
N/A (alignment)
----------          -----    ---     --     --
Total:              2 684    241     68     33
  + common             92


                ****************************************
                *                                      *
                *      SEGMENTS IN ADDRESS ORDER       *
                *                                      *
                ****************************************


SEGMENT              SPACE    START ADDRESS   END ADDRESS     SIZE  TYPE  ALIGN
=======              =====    =============   ===========     ====  ====  =====
DATA16_AN                              0130 - 0131               2   rel    0
                                       015C - 015D               2 
                                       0160 - 0169               A 
                                       0202 - 0205               4 
                                       020A - 020D               4 
                                       0220 - 0225               6 
                                       022A - 022D               4 
                                       0240 - 0247               8 
                                       024A - 024D               4 
                                       0340 - 0343               4 
                                       0346 - 0347               2 
                                       0352 - 0357               6 
                                       0360 - 0361               2 
                                       036E - 036F               2 
                                       0680 - 0681               2 
                                       0686 - 0687               2 
                                       068E - 068F               2 
                                       06AC - 06AD               2 
DATA16_I                                  1C00                       dse    0
DATA16_Z                               1C00 - 1C50              51   rel    1
CODE_I                                    1C52                       rel    1
DATA20_I                                  1C52                       rel    1
DATA20_N                                  1C52                       rel    1
DATA20_Z                                  1C52                       rel    1
CSTACK                                 2B60 - 2BFF              A0   rel    1
DATA16_C                               4000 - 4020              21   rel    0
CSTART                                 4022 - 4039              18   rel    1
ISR_CODE                               403A - 40AD              74   rel    1
<CODE> 1                               40AE - 4A9B             9EE   rel    1
DATA20_ID                                 4A9C                       rel    1
CODE_ID                                   4A9C                       rel    1
DATA20_C                                  4A9C                       rel    1
INTVEC                                 FF90 - FFEB              5C   com    1
RESET                                  FFFE - FFFF               2   rel    1

                ****************************************
                *                                      *
                *        END OF CROSS REFERENCE        *
                *                                      *
                ****************************************

 2 776 bytes of CODE  memory
   241 bytes of DATA  memory (+ 68 absolute )
    33 bytes of CONST memory

Errors: none
Warnings: none

