################################################################################
#                                                                              #
#      IAR Universal Linker V6.5.1.95                                          #
#                                                                              #
#           Link time     =  04/Apr/2018  13:58:45                             #
#           Target CPU    =  MSP430                                            #
#           List file     =  "C:\Users\shmes\Desktop\Escritorio Personal\Escue #
#                            la\ECE\306\ECE306\Homework_08\Debug\List\Homework #
#                             08.map"                                          #
#           Output file 1 =  "C:\Users\shmes\Desktop\Escritorio Personal\Escue #
#                            la\ECE\306\ECE306\Homework_08\Debug\Exe\Homework  #
#                            08.d43"                                           #
#                            Format: ubrof10                                   #
#                            UBROF version 10.0.6                              #
#                            Using library modules for C-SPY (-rt)             #
#           Command line  =  -f C:\Users\shmes\AppData\Local\Temp\EWA0F9.tmp   #
#                            ("C:\Users\shmes\Desktop\Escritorio Personal\Escu #
#                            ela\ECE\306\ECE306\Homework_08\Debug\Obj\adc12_B. #
#                            r43"                                              #
#                            "C:\Users\shmes\Desktop\Escritorio Personal\Escue #
#                            la\ECE\306\ECE306\Homework_08\Debug\Obj\clocks.r4 #
#                            3"                                                #
#                            "C:\Users\shmes\Desktop\Escritorio Personal\Escue #
#                            la\ECE\306\ECE306\Homework_08\Debug\Obj\init.r43" #
#                            "C:\Users\shmes\Desktop\Escritorio Personal\Escue #
#                            la\ECE\306\ECE306\Homework_08\LCD.r43"            #
#                            "C:\Users\shmes\Desktop\Escritorio Personal\Escue #
#                            la\ECE\306\ECE306\Homework_08\Debug\Obj\led.r43"  #
#                            "C:\Users\shmes\Desktop\Escritorio Personal\Escue #
#                            la\ECE\306\ECE306\Homework_08\Debug\Obj\main.r43" #
#                            "C:\Users\shmes\Desktop\Escritorio Personal\Escue #
#                            la\ECE\306\ECE306\Homework_08\Debug\Obj\ports.r43 #
#                            "                                                 #
#                            "C:\Users\shmes\Desktop\Escritorio Personal\Escue #
#                            la\ECE\306\ECE306\Homework_08\Debug\Obj\serial.r4 #
#                            3"                                                #
#                            "C:\Users\shmes\Desktop\Escritorio Personal\Escue #
#                            la\ECE\306\ECE306\Homework_08\Debug\Obj\shapes_me #
#                            nu.r43"                                           #
#                            "C:\Users\shmes\Desktop\Escritorio Personal\Escue #
#                            la\ECE\306\ECE306\Homework_08\Debug\Obj\system.r4 #
#                            3"                                                #
#                            "C:\Users\shmes\Desktop\Escritorio Personal\Escue #
#                            la\ECE\306\ECE306\Homework_08\Debug\Obj\timerA0.r #
#                            43"                                               #
#                            -o                                                #
#                            "C:\Users\shmes\Desktop\Escritorio Personal\Escue #
#                            la\ECE\306\ECE306\Homework_08\Debug\Exe\Homework  #
#                            08.d43"                                           #
#                            -l                                                #
#                            "C:\Users\shmes\Desktop\Escritorio Personal\Escue #
#                            la\ECE\306\ECE306\Homework_08\Debug\List\Homework #
#                             08.map"                                          #
#                            -xesni                                            #
#                            "-IC:\Program Files (x86)\IAR Systems\Embedded Wo #
#                            rkbench 8.0\430\LIB\"                             #
#                            -f                                                #
#                            "C:\Program Files (x86)\IAR Systems\Embedded Work #
#                            bench 8.0\430\config\linker\lnk430fr5994.xcl"     #
#                            (-cmsp430 -QCODE_I=CODE_ID -QTLS16_I=TLS16_ID     #
#                            -D__iar_HWMUL=4C0 -Z(CONST)INFO=1800-19FF         #
#                            -Z(CONST)INFOA=1980-19FF                          #
#                            -Z(CONST)INFOB=1900-197F                          #
#                            -Z(CONST)INFOC=1880-18FF                          #
#                            -Z(CONST)INFOD=1800-187F                          #
#                            -Z(DATA)TINYRAM=000A-001F                         #
#                            -Z(DATA)LEARAM=2C00-3AC7                          #
#                            -Z(DATA)LEASTACK=3AC8-3BFF                        #
#                            -Z(DATA)DATA16_I,DATA16_Z,DATA16_N,TLS16_I=1C00-2 #
#                            BFF                                               #
#                            -Z(DATA)CODE_I                                    #
#                            -Z(DATA)DATA20_I,DATA20_Z,DATA20_N                #
#                            -Z(DATA)CSTACK+_STACK_SIZE#                       #
#                            -Z(CONST)DATA16_P,DATA20_P=4000-FF7F              #
#                            -Z(DATA)DATA16_HEAP+_DATA16_HEAP_SIZE             #
#                            -Z(DATA)DATA20_HEAP+_DATA20_HEAP_SIZE             #
#                            -Z(CONST)MPU_B1 -Z(CONST)IPE_B1=4000-FF7F         #
#                            -Z(DATA)IPEDATA16_N -Z(CODE)IPECODE16             #
#                            -Z(CONST)IPEDATA16_C,IPE_B2 -Z(CONST)MPU_B2       #
#                            -Z(CONST)DATA16_C,DATA16_ID,TLS16_ID,DIFUNCT,CHEC #
#                            KSUM=4000-FF7F                                    #
#                            -Z(CODE)CSTART,ISR_CODE,CODE16=4000-FF7F          #
#                            -P(CODE)CODE=4000-FF7F,10000-43FFF                #
#                            -Z(CODE)CODE_PAD                                  #
#                            -Z(CONST)DATA20_C,DATA20_ID,CODE_ID=4000-FF7F,100 #
#                            40-43FFF                                          #
#                            -Z(CONST)JTAGSIGNATURE=FF80-FF83                  #
#                            -Z(CONST)BSLSIGNATURE=FF84-FF87                   #
#                            -Z(CONST)IPESIGNATURE=FF88-FF8F                   #
#                            -Z(CODE)INTVEC=FF90-FFFF                          #
#                            -Z(CODE)RESET=FFFE-FFFF) -f                       #
#                            "C:\Program Files (x86)\IAR Systems\Embedded Work #
#                            bench 8.0\430\config\linker\multiplier32.xcl"     #
#                            (-e?Mul8Hw=?Mul8 -e?Mul16Hw=?Mul16                #
#                            -e?Mul16to32uHw=?Mul16to32u                       #
#                            -e?Mul16to32sHw=?Mul16to32s -e?Mul32Hw32=?Mul32   #
#                            -e?Mul64Hw32=_Mul64i                              #
#                            -e?Mul32u32uto64iHw32=_Mul32u32uto64i             #
#                            -e?Mul32fHw32=_Mul32f                             #
#                            -e_Mul64fHw32Ptr=_Mul64fPtr) -D_STACK_SIZE=A0     #
#                            -rt                                               #
#                            "C:\Program Files (x86)\IAR Systems\Embedded Work #
#                            bench 8.0\430\lib\dlib\dl430xlsfn.r43"            #
#                            -e_PrintfLarge=_Printf -e_ScanfLarge=_Scanf       #
#                            -D_DATA16_HEAP_SIZE=A0 -s __program_start         #
#                            -D_DATA20_HEAP_SIZE=50)                           #
#                                                                              #
#                           Copyright (C) 1987-2016 IAR Systems AB.            #
################################################################################





                ****************************************
                *                                      *
                *           CROSS REFERENCE            *
                *                                      *
                ****************************************

       Program entry at :           4080  Relocatable, from module : ?cstart




                ****************************************
                *                                      *
                *            RUNTIME MODEL             *
                *                                      *
                ****************************************

  __Heap_Handler             = Basic
  __SystemLibrary            = DLib
  __code_model               = large
  __core                     = 430X
  __data_model               = small
  __dlib_file_descriptor     = 0
  __dlib_full_locale_support = 0
  __double_size              = 32
  __pic                      = no
  __reg_r4                   = free
  __reg_r5                   = free
  __rt_version               = 3

                ****************************************
                *                                      *
                *    AUTOMATIC SYMBOL REDIRECTIONS     *
                *                                      *
                ****************************************

                  There are no automatic symbol redirections.

                ****************************************
                *                                      *
                *              ENTRY LIST              *
                *                                      *
                ****************************************

Module  Entry                              Address
------  -----                              -------
?FILLER_BYTES
?ABS_ENTRY_MOD
        _DATA20_HEAP_SIZE                   0050
        _DATA16_HEAP_SIZE                   00A0
        _STACK_SIZE                         00A0
        __iar_HWMUL                         04C0
adc12_B ( C:\Users\shmes\Desktop\Escritorio Personal\Escuela\ECE\306\ECE306\Homework_08\Debug\Obj\adc12_B.r43 )
        _A_ADC12CTL0_L                      0800
        _A_ADC12CTL1_L                      0802
        _A_ADC12CTL2_L                      0804
        _A_ADC12CTL3_L                      0806
        _A_ADC12IER0_L                      0812
        _A_ADC12MCTL0_L                     0820
        _A_ADC12MCTL1_L                     0822
        _A_ADC12MCTL2_L                     0824
        _A_ADC12MEM0_L                      0860
        _A_ADC12MEM1_L                      0862
        _A_ADC12MEM2_L                      0864
        _A_PDOUT_L                          0262
        ADC_Thumb                           1C28
        ADC_Right_Detector                  1C2A
        ADC_Left_Detector                   1C2C
        one_time                            NOT NEEDED
        ir_active_reading                   NOT NEEDED
        calibrated                          NOT NEEDED
        calibrating                         NOT NEEDED
        Init_ADC                            4998
        ADC12_ISR                           40A8
        calibrate_White                     NOT NEEDED
        calibrate_Black                     NOT NEEDED
        updateDisplay                       NOT NEEDED
        ADC12_ISR::??INTVEC 92              FFEC
        ?setjmp_save_r4                     NOT NEEDED
        ?setjmp_save_r5                     NOT NEEDED
        ADC12CTL0                           0800
        ADC12CTL0_H                         0801
        ADC12CTL0_L                         0800
        ADC12CTL1                           0802
        ADC12CTL1_H                         0803
        ADC12CTL1_L                         0802
        ADC12CTL2                           0804
        ADC12CTL2_H                         0805
        ADC12CTL2_L                         0804
        ADC12CTL3                           0806
        ADC12CTL3_H                         0807
        ADC12CTL3_L                         0806
        ADC12IER0                           0812
        ADC12IER0_H                         0813
        ADC12IER0_L                         0812
        ADC12MCTL0                          0820
        ADC12MCTL0_H                        0821
        ADC12MCTL0_L                        0820
        ADC12MCTL1                          0822
        ADC12MCTL1_H                        0823
        ADC12MCTL1_L                        0822
        ADC12MCTL2                          0824
        ADC12MCTL2_H                        0825
        ADC12MCTL2_L                        0824
        ADC12MEM0                           0860
        ADC12MEM0_H                         0861
        ADC12MEM0_L                         0860
        ADC12MEM1                           0862
        ADC12MEM1_H                         0863
        ADC12MEM1_L                         0862
        ADC12MEM2                           0864
        ADC12MEM2_H                         0865
        ADC12MEM2_L                         0864
        PDOUT                               0262
        PDOUT_H                             0263
        PDOUT_L                             0262
clocks ( C:\Users\shmes\Desktop\Escritorio Personal\Escuela\ECE\306\ECE306\Homework_08\Debug\Obj\clocks.r43 )
        _A_CSCTL0_L                         0160
        _A_CSCTL1_L                         0162
        _A_CSCTL2_L                         0164
        _A_CSCTL3_L                         0166
        _A_CSCTL4_L                         0168
        _A_WDTCTL_L                         015C
        Init_Clocks                         49F4
        ?setjmp_save_r4                     NOT NEEDED
        ?setjmp_save_r5                     NOT NEEDED
        CSCTL0                              0160
        CSCTL0_H                            0161
        CSCTL0_L                            0160
        CSCTL1                              0162
        CSCTL1_H                            0163
        CSCTL1_L                            0162
        CSCTL2                              0164
        CSCTL2_H                            0165
        CSCTL2_L                            0164
        CSCTL3                              0166
        CSCTL3_H                            0167
        CSCTL3_L                            0166
        CSCTL4                              0168
        CSCTL4_H                            0169
        CSCTL4_L                            0168
        WDTCTL                              015C
        WDTCTL_H                            015D
        WDTCTL_L                            015C
init ( C:\Users\shmes\Desktop\Escritorio Personal\Escuela\ECE\306\ECE306\Homework_08\Debug\Obj\init.r43 )
        Init_Conditions                     4A88
        Init_Timers                         4EA8
        ?setjmp_save_r4                     NOT NEEDED
        ?setjmp_save_r5                     NOT NEEDED
LCD ( C:\Users\shmes\Desktop\Escritorio Personal\Escuela\ECE\306\ECE306\Homework_08\LCD.r43 )
        _A_PBOUT_L                          0222
        _A_PCOUT_L                          0242
        _A_TA0CCTL2_L                       0346
        _A_TA0CCR2_L                        0356
        _A_UCB1CTLW0_L                      0680
        _A_UCB1BRW_L                        0686
        _A_UCB1TXBUF_L                      068E
        _A_UCB1IFG_L                        06AC
        lcd_control                         NOT NEEDED
        display_line                        1C3E
        display                             1C2E
        posi_L1                             NOT NEEDED
        posi_L2                             NOT NEEDED
        posi_L3                             NOT NEEDED
        posi_L4                             NOT NEEDED
        char_count                          NOT NEEDED
        current_line                        NOT NEEDED
        update_display_count                1C36
        display_update_time                 NOT NEEDED
        update_display                      1C6A
        display_changed                     1C6B
        LCD_test                            NOT NEEDED
        spi_chipselect_idle                 4E26
        spi_chipselect_active               4E86
        spi_reset_idle                      4E92
        spi_reset_active                    4E98
        Display_Process                     4D2E
        Display_Update                      4AD0
        enable_display_update               4E78
        update_string                       4D50
        Init_LCD                            473A
        lcd_4line                           NOT NEEDED
        lcd_BIG_mid                         NOT NEEDED
        lcd_out                             4D0A
        lcd_puts                            NOT NEEDED
        WriteIns                            4C74
        WriteData                           4CC0
        CheckBusy                           NOT NEEDED
        ClrDisplay                          4D84
        ClrDisplay_Buffer_0                 4E12
        ClrDisplay_Buffer_1                 4DC2
        ClrDisplay_Buffer_2                 4DFE
        ClrDisplay_Buffer_3                 4DEA
        SetPostion                          NOT NEEDED
        DisplayOnOff                        4DD6
        Init_SPI_B1                         4B58
        SPI_B1_write                        4DAE
        ?setjmp_save_r4                     NOT NEEDED
        ?setjmp_save_r5                     NOT NEEDED
        PBOUT                               0222
        PBOUT_H                             0223
        PBOUT_L                             0222
        PCOUT                               0242
        PCOUT_H                             0243
        PCOUT_L                             0242
        TA0CCTL2                            0346
        TA0CCTL2_H                          0347
        TA0CCTL2_L                          0346
        TA0CCR2                             0356
        TA0CCR2_H                           0357
        TA0CCR2_L                           0356
        UCB1CTLW0                           0680
        UCB1CTLW0_H                         0681
        UCB1CTLW0_L                         0680
        UCB1BRW                             0686
        UCB1BRW_H                           0687
        UCB1BRW_L                           0686
        UCB1TXBUF                           068E
        UCB1TXBUF_H                         068F
        UCB1TXBUF_L                         068E
        UCB1IFG                             06AC
        UCB1IFG_H                           06AD
        UCB1IFG_L                           06AC
led ( C:\Users\shmes\Desktop\Escritorio Personal\Escuela\ECE\306\ECE306\Homework_08\Debug\Obj\led.r43 )
        Init_LEDs                           4EBA
        ?setjmp_save_r4                     NOT NEEDED
        ?setjmp_save_r5                     NOT NEEDED
main ( C:\Users\shmes\Desktop\Escritorio Personal\Escuela\ECE\306\ECE306\Homework_08\Debug\Obj\main.r43 )
        _A_PM5CTL0_L                        0130
        main                                4850
        ?setjmp_save_r4                     NOT NEEDED
        ?setjmp_save_r5                     NOT NEEDED
        PM5CTL0                             0130
        PM5CTL0_H                           0131
        PM5CTL0_L                           0130
ports ( C:\Users\shmes\Desktop\Escritorio Personal\Escuela\ECE\306\ECE306\Homework_08\Debug\Obj\ports.r43 )
        _A_PAOUT_L                          0202
        _A_PADIR_L                          0204
        _A_PASEL0_L                         020A
        _A_PASEL1_L                         020C
        _A_PBOUT_L                          NOT NEEDED
        _A_PBDIR_L                          0224
        _A_PBSEL0_L                         022A
        _A_PBSEL1_L                         022C
        _A_PCOUT_L                          NOT NEEDED
        _A_PCDIR_L                          0244
        _A_PCREN_L                          0246
        _A_PCSEL0_L                         024A
        _A_PCSEL1_L                         024C
        _A_PCIES_L                          0258
        _A_PCIE_L                           025A
        _A_PCIFG_L                          025C
        _A_PDOUT_L                          NOT NEEDED
        _A_PDDIR_L                          0264
        _A_PDSEL0_L                         026A
        _A_PDSEL1_L                         026C
        _A_PJOUT_L                          0322
        _A_PJDIR_L                          0324
        _A_PJSEL0_L                         032A
        _A_PJSEL1_L                         032C
        _A_TA0CCTL1_L                       0344
        _A_UCA3IE_L                         063A
        debounced                           1C6C
        shape_routine_begin                 NOT NEEDED
        transmit_tmp_message                NOT NEEDED
        Init_Port1                          48C6
        Init_Port2                          436E
        Init_Port3                          4410
        Init_Port4                          4698
        Init_Port5                          41E8
        Init_Port6                          45F6
        Init_Port7                          4554
        Init_Port8                          4B16
        Init_PortJ                          44B2
        Init_Ports                          4C22
        Port_5                              40C2
        Port_5::??INTVEC 54                 FFC6
        ?setjmp_save_r4                     NOT NEEDED
        ?setjmp_save_r5                     NOT NEEDED
        PAOUT                               0202
        PAOUT_H                             0203
        PAOUT_L                             0202
        PADIR                               0204
        PADIR_H                             0205
        PADIR_L                             0204
        PASEL0                              020A
        PASEL0_H                            020B
        PASEL0_L                            020A
        PASEL1                              020C
        PASEL1_H                            020D
        PASEL1_L                            020C
        PBOUT                               0222
        PBOUT_H                             0223
        PBOUT_L                             0222
        PBDIR                               0224
        PBDIR_H                             0225
        PBDIR_L                             0224
        PBSEL0                              022A
        PBSEL0_H                            022B
        PBSEL0_L                            022A
        PBSEL1                              022C
        PBSEL1_H                            022D
        PBSEL1_L                            022C
        PCOUT                               0242
        PCOUT_H                             0243
        PCOUT_L                             0242
        PCDIR                               0244
        PCDIR_H                             0245
        PCDIR_L                             0244
        PCREN                               0246
        PCREN_H                             0247
        PCREN_L                             0246
        PCSEL0                              024A
        PCSEL0_H                            024B
        PCSEL0_L                            024A
        PCSEL1                              024C
        PCSEL1_H                            024D
        PCSEL1_L                            024C
        PCIES                               0258
        PCIES_H                             0259
        PCIES_L                             0258
        PCIE                                025A
        PCIE_H                              025B
        PCIE_L                              025A
        PCIFG                               025C
        PCIFG_H                             025D
        PCIFG_L                             025C
        PDOUT                               0262
        PDOUT_H                             0263
        PDOUT_L                             0262
        PDDIR                               0264
        PDDIR_H                             0265
        PDDIR_L                             0264
        PDSEL0                              026A
        PDSEL0_H                            026B
        PDSEL0_L                            026A
        PDSEL1                              026C
        PDSEL1_H                            026D
        PDSEL1_L                            026C
        PJOUT                               0322
        PJOUT_H                             0323
        PJOUT_L                             0322
        PJDIR                               0324
        PJDIR_H                             0325
        PJDIR_L                             0324
        PJSEL0                              032A
        PJSEL0_H                            032B
        PJSEL0_L                            032A
        PJSEL1                              032C
        PJSEL1_H                            032D
        PJSEL1_L                            032C
        TA0CCTL1                            0344
        TA0CCTL1_H                          0345
        TA0CCTL1_L                          0344
        UCA3IE                              063A
        UCA3IE_H                            063B
        UCA3IE_L                            063A
serial ( C:\Users\shmes\Desktop\Escritorio Personal\Escuela\ECE\306\ECE306\Homework_08\Debug\Obj\serial.r43 )
        _A_UCA3CTLW0_L                      0620
        _A_UCA3BRW_L                        0626
        _A_UCA3MCTLW_L                      0628
        _A_UCA3STATW_L                      062A
        _A_UCA3RXBUF_L                      062C
        _A_UCA3TXBUF_L                      062E
        _A_UCA3IE_L                         NOT NEEDED
        _A_UCA3IFG_L                        063C
        _A_UCA3IV_L                         063E
        USB_Char_Rx                         1C08
        usb_rx_ring_wr                      1C6D
        usb_rx_ring_rd                      NOT NEEDED
        begin_transmission                  1C6E
        transmitting                        1C6F
        receive_ready                       NOT NEEDED
        baud_rate                           NOT NEEDED
        string_to_transmit                  NOT NEEDED
        main_ring_rd                        1C70
        Main_Char_Rx                        1C18
        Init_Serial                         4EB4
        Init_Serial_UCA3                    4C9A
        transmit_char                       4E6A
        wait_for_input                      4A40
        read_into_buffer                    4B96
        USCI_A3_ISR                         4162
        USCI_A3_ISR::??INTVEC 48            FFC0
        ?setjmp_save_r4                     NOT NEEDED
        ?setjmp_save_r5                     NOT NEEDED
        UCA3CTLW0                           0620
        UCA3CTLW0_H                         0621
        UCA3CTLW0_L                         0620
        UCA3BRW                             0626
        UCA3BRW_H                           0627
        UCA3BRW_L                           0626
        UCA3MCTLW                           0628
        UCA3MCTLW_H                         0629
        UCA3MCTLW_L                         0628
        UCA3STATW                           062A
        UCA3STATW_H                         062B
        UCA3STATW_L                         062A
        UCA3RXBUF                           062C
        UCA3RXBUF_H                         062D
        UCA3RXBUF_L                         062C
        UCA3TXBUF                           062E
        UCA3TXBUF_H                         062F
        UCA3TXBUF_L                         062E
        UCA3IE                              063A
        UCA3IE_H                            063B
        UCA3IE_L                            063A
        UCA3IFG                             063C
        UCA3IFG_H                           063D
        UCA3IFG_L                           063C
        UCA3IV                              063E
        UCA3IV_H                            063F
        UCA3IV_L                            063E
        read_into_buffer::rx_wr_temp        1C71
shapes_menu ( C:\Users\shmes\Desktop\Escritorio Personal\Escuela\ECE\306\ECE306\Homework_08\Debug\Obj\shapes_menu.r43 )
        _A_UCA3CTLW0_L                      NOT NEEDED
        _A_UCA3BRW_L                        NOT NEEDED
        _A_UCA3MCTLW_L                      NOT NEEDED
        menu_counter                        1C72
        word1                               1C00
        word2                               1C02
        word3                               1C04
        word4                               1C06
        LCD_print                           4930
        hex_to_dec                          42AE
        print_baud_rate                     47D6
        ?setjmp_save_r4                     NOT NEEDED
        ?setjmp_save_r5                     NOT NEEDED
        UCA3CTLW0                           0620
        UCA3CTLW0_H                         0621
        UCA3CTLW0_L                         0620
        UCA3BRW                             0626
        UCA3BRW_H                           0627
        UCA3BRW_L                           0626
        UCA3MCTLW                           0628
        UCA3MCTLW_H                         0629
        UCA3MCTLW_L                         0628
system ( C:\Users\shmes\Desktop\Escritorio Personal\Escuela\ECE\306\ECE306\Homework_08\Debug\Obj\system.r43 )
        enable_interrupts                   4E9E
        ?setjmp_save_r4                     NOT NEEDED
        ?setjmp_save_r5                     NOT NEEDED
timerA0 ( C:\Users\shmes\Desktop\Escritorio Personal\Escuela\ECE\306\ECE306\Homework_08\Debug\Obj\timerA0.r43 )
        _A_TA0CTL_L                         0340
        _A_TA0CCTL1_L                       NOT NEEDED
        _A_TA0CCTL2_L                       NOT NEEDED
        _A_TA0CCR0_L                        0352
        _A_TA0CCR1_L                        0354
        _A_TA0CCR2_L                        NOT NEEDED
        _A_TA0IV_L                          036E
        counter_A01                         1C38
        counter_A02                         1C3A
        counter_A00                         NOT NEEDED
        delay_time                          1C3C
        ir_ready_to_print                   NOT NEEDED
        waiting                             1C73
        Init_Timer_A0                       4BF8
        handle_quart_second_delay           4CE6
        handle_procedural_delay             4C4C
        Timer0_A1_ISR                       41B8
        Timer0_A1_ISR::??INTVEC 88          FFE8
        ?setjmp_save_r4                     NOT NEEDED
        ?setjmp_save_r5                     NOT NEEDED
        TA0CTL                              0340
        TA0CTL_H                            0341
        TA0CTL_L                            0340
        TA0CCTL1                            0344
        TA0CCTL1_H                          0345
        TA0CCTL1_L                          0344
        TA0CCTL2                            0346
        TA0CCTL2_H                          0347
        TA0CCTL2_L                          0346
        TA0CCR0                             0352
        TA0CCR0_H                           0353
        TA0CCR0_L                           0352
        TA0CCR1                             0354
        TA0CCR1_H                           0355
        TA0CCR1_L                           0354
        TA0CCR2                             0356
        TA0CCR2_H                           0357
        TA0CCR2_L                           0356
        TA0IV                               036E
        TA0IV_H                             036F
        TA0IV_L                             036E
?abort ( C:\Program Files (x86)\IAR Systems\Embedded Workbench 8.0\430\lib\dlib\dl430xlsfn.r43 )
        abort                               NOT NEEDED
?__dbg_break ( C:\Program Files (x86)\IAR Systems\Embedded Workbench 8.0\430\lib\dlib\dl430xlsfn.r43 )
        __DebugBreak                        4EB8
?__dwrite ( C:\Program Files (x86)\IAR Systems\Embedded Workbench 8.0\430\lib\dlib\dl430xlsfn.r43 )
        __dwrite                            NOT NEEDED
?__exit ( C:\Program Files (x86)\IAR Systems\Embedded Workbench 8.0\430\lib\dlib\dl430xlsfn.r43 )
        __exit                              4D9A
?__write ( C:\Program Files (x86)\IAR Systems\Embedded Workbench 8.0\430\lib\dlib\dl430xlsfn.r43 )
        __write                             NOT NEEDED
?_exit ( C:\Program Files (x86)\IAR Systems\Embedded Workbench 8.0\430\lib\dlib\dl430xlsfn.r43 )
        _exit                               4EAC
        __cstart_call_dtors                 NOT NEEDED
        __cstart_closeall                   NOT NEEDED
        __cstart_clearlocks                 NOT NEEDED
?cppinit ( C:\Program Files (x86)\IAR Systems\Embedded Workbench 8.0\430\lib\dlib\dl430xlsfn.r43 )
        __call_ctors                        NOT NEEDED
        __alloc_record_needed_destruction   NOT NEEDED
        __record_needed_destruction         NOT NEEDED
        __call_dtors                        NOT NEEDED
        __data16_vec_cctor                  NOT NEEDED
?cstart ( C:\Program Files (x86)\IAR Systems\Embedded Workbench 8.0\430\lib\dlib\dl430xlsfn.r43 )
        __program_start                     4080
        ?cstart_begin                       4080
        ?cstart_call_mpu_init               NOT NEEDED
        ?cstart_call_frwp_init              NOT NEEDED
        ?cstart_call_low_level_init         NOT NEEDED
        ?cstart_init_copy_ramfunc           NOT NEEDED
        ?cstart_init_zero                   4084
        ?cstart_init_copy                   4090
        ?cstart_init_zero20                 NOT NEEDED
        ?cstart_init_copy20                 NOT NEEDED
        __cstart_init_tls                   NOT NEEDED
        ?cstart_call_ctors                  NOT NEEDED
        ?cstart_call_main                   40A0
        ?cstart_end                         40A8
lowinit ( C:\Program Files (x86)\IAR Systems\Embedded Workbench 8.0\430\lib\dlib\dl430xlsfn.r43 )
        __low_level_init                    NOT NEEDED
?reset_vector ( C:\Program Files (x86)\IAR Systems\Embedded Workbench 8.0\430\lib\dlib\dl430xlsfn.r43 )
        ?reset_vector                       FFFE
?exit ( C:\Program Files (x86)\IAR Systems\Embedded Workbench 8.0\430\lib\dlib\dl430xlsfn.r43 )
        exit                                4EB0
?FrwpInit ( C:\Program Files (x86)\IAR Systems\Embedded Workbench 8.0\430\lib\dlib\dl430xlsfn.r43 )
        __iar_430_frwp_init                 NOT NEEDED
?malloc ( C:\Program Files (x86)\IAR Systems\Embedded Workbench 8.0\430\lib\dlib\dl430xlsfn.r43 )
        malloc                              NOT NEEDED
?DivMod816u ( C:\Program Files (x86)\IAR Systems\Embedded Workbench 8.0\430\lib\dlib\dl430xlsfn.r43 )
        ?DivMod8u                           NOT NEEDED
        ?DivMod16u                          4D6C
?DivMod816s ( C:\Program Files (x86)\IAR Systems\Embedded Workbench 8.0\430\lib\dlib\dl430xlsfn.r43 )
        ?DivMod8s                           NOT NEEDED
        ?DivMod16s                          4BC8
?memcpy ( C:\Program Files (x86)\IAR Systems\Embedded Workbench 8.0\430\lib\dlib\dl430xlsfn.r43 )
        memcpy                              4E38
?memmove ( C:\Program Files (x86)\IAR Systems\Embedded Workbench 8.0\430\lib\dlib\dl430xlsfn.r43 )
        memmove                             NOT NEEDED
?memzero ( C:\Program Files (x86)\IAR Systems\Embedded Workbench 8.0\430\lib\dlib\dl430xlsfn.r43 )
        __data16_memzero                    4E5A
        __data16_memcpy                     4EA4
        __data16_memmove                    NOT NEEDED
?MpuInit ( C:\Program Files (x86)\IAR Systems\Embedded Workbench 8.0\430\lib\dlib\dl430xlsfn.r43 )
        __iar_430_mpu_init                  NOT NEEDED
        ?mpu1_4k_init                       NOT NEEDED
        ?mpu1_8k_init                       NOT NEEDED
        ?mpu1_16k_init                      NOT NEEDED
        ?mpu2_init                          NOT NEEDED
?setjmp ( C:\Program Files (x86)\IAR Systems\Embedded Workbench 8.0\430\lib\dlib\dl430xlsfn.r43 )
        setjmp                              NOT NEEDED
        ?setjmp_r5                          NOT NEEDED
        ?setjmp_r4                          NOT NEEDED
        ?setjmp_end                         NOT NEEDED
?longjmp ( C:\Program Files (x86)\IAR Systems\Embedded Workbench 8.0\430\lib\dlib\dl430xlsfn.r43 )
        longjmp                             NOT NEEDED
        ?longjmp_r5                         NOT NEEDED
        ?longjmp_r4                         NOT NEEDED
        ?longjmp_end                        NOT NEEDED
?IndCallR11 ( C:\Program Files (x86)\IAR Systems\Embedded Workbench 8.0\430\lib\dlib\dl430xlsfn.r43 )
        ?IndCallR11                         NOT NEEDED
?IndCallR15 ( C:\Program Files (x86)\IAR Systems\Embedded Workbench 8.0\430\lib\dlib\dl430xlsfn.r43 )
        ?IndCallR15                         NOT NEEDED
?strcpy ( C:\Program Files (x86)\IAR Systems\Embedded Workbench 8.0\430\lib\dlib\dl430xlsfn.r43 )
        strcpy                              4E4A
?xcloseall ( C:\Program Files (x86)\IAR Systems\Embedded Workbench 8.0\430\lib\dlib\dl430xlsfn.r43 )
        _Close_all                          NOT NEEDED
?xgetmemchunk ( C:\Program Files (x86)\IAR Systems\Embedded Workbench 8.0\430\lib\dlib\dl430xlsfn.r43 )
        __data16_GetMemChunk                NOT NEEDED
?xxmemxfree ( C:\Program Files (x86)\IAR Systems\Embedded Workbench 8.0\430\lib\dlib\dl430xlsfn.r43 )
        __data16_free                       NOT NEEDED
?xxmemxmalloc ( C:\Program Files (x86)\IAR Systems\Embedded Workbench 8.0\430\lib\dlib\dl430xlsfn.r43 )
        __data16_Aldata                     NOT NEEDED
        __data16_malloc                     NOT NEEDED
        __data16_findmem                     LOCAL, NOT NEEDED


                ****************************************
                *                                      *
                *            MODULE SUMMARY            *
                *                                      *
                ****************************************

Module               CODE      DATA      CONST
------               ----      ----      -----
                    (Rel)  (Rel)  (Abs)  (Rel)
?DivMod816s            48
?DivMod816u            24
?__dbg_break            2
?__exit                20
?_exit                  4
?cstart                40
?exit                   4
?memcpy                18
?memzero               20
?reset_vector           2
?strcpy                16
LCD                   660     56      8
  + shared                            8
adc12_B               118      6     22
  + shared             94             2
  + common
clocks                 76            12
init                   76
led                     2
main                  118             2     33
ports               1 544      1     42     22
  + shared             56             4
  + common
serial                264     37     10     54
  + shared             50             6
  + common
shapes_menu           418      9            19
system                  6
timerA0               166      7      8
  + common             90
N/A (command line)           160
N/A (alignment)
----------          -----    ---    ---    ---
Total:              3 646    276    124    128
  + common             94


                ****************************************
                *                                      *
                *      SEGMENTS IN ADDRESS ORDER       *
                *                                      *
                ****************************************


SEGMENT              SPACE    START ADDRESS   END ADDRESS     SIZE  TYPE  ALIGN
=======              =====    =============   ===========     ====  ====  =====
DATA16_AN                              0130 - 0131               2   rel    0
                                       015C - 015D               2 
                                       0160 - 0169               A 
                                       0202 - 0205               4 
                                       020A - 020D               4 
                                       0222 - 0225               4 
                                       022A - 022D               4 
                                       0242 - 0247               6 
                                       024A - 024D               4 
                                       0258 - 025D               6 
                                       0262 - 0265               4 
                                       026A - 026D               4 
                                       0322 - 0325               4 
                                       032A - 032D               4 
                                       0340 - 0341               2 
                                       0344 - 0347               4 
                                       0352 - 0357               6 
                                       036E - 036F               2 
                                       0620 - 0621               2 
                                       0626 - 062F               A 
                                       063A - 063F               6 
                                       0680 - 0681               2 
                                       0686 - 0687               2 
                                       068E - 068F               2 
                                       06AC - 06AD               2 
                                       0800 - 0807               8 
                                       0812 - 0813               2 
                                       0820 - 0825               6 
                                       0860 - 0865               6 
DATA16_I                               1C00 - 1C27              28   rel    1
DATA16_Z                               1C28 - 1C73              4C   rel    1
CODE_I                                    1C74                       rel    1
DATA20_I                                  1C74                       rel    1
DATA20_Z                                  1C74                       rel    1
DATA20_N                                  1C74                       rel    1
CSTACK                                 2B60 - 2BFF              A0   rel    1
DATA16_C                               4000 - 4057              58   rel    0
DATA16_ID                              4058 - 407F              28   rel    1
CSTART                                 4080 - 40A7              28   rel    1
ISR_CODE                               40A8 - 41E7             140   rel    1
<CODE> 1                               41E8 - 4EBB             CD4   rel    1
DATA20_ID                                 4EBC                       rel    1
CODE_ID                                   4EBC                       rel    1
DATA20_C                                  4EBC                       rel    1
INTVEC                                 FF90 - FFED              5E   com    1
RESET                                  FFFE - FFFF               2   rel    1

                ****************************************
                *                                      *
                *        END OF CROSS REFERENCE        *
                *                                      *
                ****************************************

 3 740 bytes of CODE  memory
   276 bytes of DATA  memory (+ 124 absolute )
   128 bytes of CONST memory

Errors: none
Warnings: none

