###############################################################################
#
# IAR C/C++ Compiler V7.11.1.983/W32 for MSP430           06/Apr/2018  09:57:04
# Copyright 1996-2017 IAR Systems AB.
# Standalone license - IAR Embedded Workbench for Texas Instruments MSP430, 8K KickStart Edition 7.11
#
#    __rt_version  =  3
#    __double_size =  32
#    __reg_r4      =  free
#    __reg_r5      =  free
#    __pic         =  no
#    __core        =  430X
#    __data_model  =  small
#    __code_model  =  large
#    Source file   =  
#        C:\Users\shmes\Desktop\Escritorio
#        Personal\Escuela\ECE\306\ECE306\Homework_09\adc12_B.c
#    Command line  =  
#        -f C:\Users\shmes\AppData\Local\Temp\EW9667.tmp
#        ("C:\Users\shmes\Desktop\Escritorio
#        Personal\Escuela\ECE\306\ECE306\Homework_09\adc12_B.c" -lC
#        "C:\Users\shmes\Desktop\Escritorio
#        Personal\Escuela\ECE\306\ECE306\Homework_09\Debug\List" -o
#        "C:\Users\shmes\Desktop\Escritorio
#        Personal\Escuela\ECE\306\ECE306\Homework_09\Debug\Obj" --no_cse
#        --no_unroll --no_inline --no_code_motion --no_tbaa --debug
#        -D__MSP430FR5994__ -e --double=32 --dlib_config "C:\Program Files
#        (x86)\IAR Systems\Embedded Workbench 8.0\430\lib\dlib\dl430xlsfn.h"
#        --core=430X --data_model=small -On --multiplier=32
#        --hw_workaround=CPU40 --code_model=large)
#    Locale        =  Spanish_USA.1252
#    List file     =  
#        C:\Users\shmes\Desktop\Escritorio
#        Personal\Escuela\ECE\306\ECE306\Homework_09\Debug\List\adc12_B.lst
#    Object file   =  
#        C:\Users\shmes\Desktop\Escritorio
#        Personal\Escuela\ECE\306\ECE306\Homework_09\Debug\Obj\adc12_B.r43
#
###############################################################################

C:\Users\shmes\Desktop\Escritorio Personal\Escuela\ECE\306\ECE306\Homework_09\adc12_B.c
      1          //===============================================================
      2          //  File Name: adc12_B.c
      3          //  Description: This file contains the Initialization of the 
      4          //               analog-to-digital converter as well as its 
      5          //               interrupt service routine
      6          //
      7          //  Author: Sam Messick
      8          //  Date Jan. 2018
      9          //  Compiler Build with IAR Embedded Workbench Version: V4.10A/W32 (7.11.2)
     10          //===============================================================
     11          
     12          #include "adc12_B.h"

   \                                 In  segment DATA16_AN, at 0x800
   \   union <unnamed> _A_ADC12CTL0_L
   \                     _A_ADC12CTL0_L:
   \   000000                DS8 2

   \                                 In  segment DATA16_AN, at 0x802
   \   union <unnamed> _A_ADC12CTL1_L
   \                     _A_ADC12CTL1_L:
   \   000000                DS8 2

   \                                 In  segment DATA16_AN, at 0x804
   \   union <unnamed> _A_ADC12CTL2_L
   \                     _A_ADC12CTL2_L:
   \   000000                DS8 2

   \                                 In  segment DATA16_AN, at 0x806
   \   union <unnamed> _A_ADC12CTL3_L
   \                     _A_ADC12CTL3_L:
   \   000000                DS8 2

   \                                 In  segment DATA16_AN, at 0x812
   \   union <unnamed> _A_ADC12IER0_L
   \                     _A_ADC12IER0_L:
   \   000000                DS8 2

   \                                 In  segment DATA16_AN, at 0x820
   \   union <unnamed> _A_ADC12MCTL0_L
   \                     _A_ADC12MCTL0_L:
   \   000000                DS8 2

   \                                 In  segment DATA16_AN, at 0x822
   \   union <unnamed> _A_ADC12MCTL1_L
   \                     _A_ADC12MCTL1_L:
   \   000000                DS8 2

   \                                 In  segment DATA16_AN, at 0x824
   \   union <unnamed> _A_ADC12MCTL2_L
   \                     _A_ADC12MCTL2_L:
   \   000000                DS8 2

   \                                 In  segment DATA16_AN, at 0x860
   \   union <unnamed> _A_ADC12MEM0_L
   \                     _A_ADC12MEM0_L:
   \   000000                DS8 2

   \                                 In  segment DATA16_AN, at 0x862
   \   union <unnamed> _A_ADC12MEM1_L
   \                     _A_ADC12MEM1_L:
   \   000000                DS8 2

   \                                 In  segment DATA16_AN, at 0x864
   \   union <unnamed> _A_ADC12MEM2_L
   \                     _A_ADC12MEM2_L:
   \   000000                DS8 2
     13          

   \                                 In  segment DATA16_Z, align 2, align-sorted
   \   000000                REQUIRE ?cstart_init_zero
     14          volatile uint16_t ADC_Thumb;
   \                     ADC_Thumb:
   \   000000                DS8 2

   \                                 In  segment DATA16_Z, align 2, align-sorted
   \   000000                REQUIRE ?cstart_init_zero
     15          volatile uint16_t ADC_Right_Detector;
   \                     ADC_Right_Detector:
   \   000000                DS8 2

   \                                 In  segment DATA16_Z, align 2, align-sorted
   \   000000                REQUIRE ?cstart_init_zero
     16          volatile uint16_t ADC_Left_Detector;
   \                     ADC_Left_Detector:
   \   000000                DS8 2

   \                                 In  segment DATA16_I, align 1, align-sorted
   \   000000                REQUIRE ?cstart_init_copy
     17          uint8_t one_time = true;
   \                     one_time:
   \   000000                DS8 1
   \   000001                REQUIRE `?<Initializer for one_time>`

   \                                 In  segment DATA16_Z, align 2, align-sorted
   \   000000                REQUIRE ?cstart_init_zero
     18          uint16_t ir_black_reading;
   \                     ir_black_reading:
   \   000000                DS8 2

   \                                 In  segment DATA16_Z, align 2, align-sorted
   \   000000                REQUIRE ?cstart_init_zero
     19          uint16_t ir_white_reading;
   \                     ir_white_reading:
   \   000000                DS8 2

   \                                 In  segment DATA16_Z, align 1, align-sorted
   \   000000                REQUIRE ?cstart_init_zero
     20          uint8_t calibrated;
   \                     calibrated:
   \   000000                DS8 1

   \                                 In  segment DATA16_Z, align 1, align-sorted
   \   000000                REQUIRE ?cstart_init_zero
     21          volatile uint8_t calibrating;
   \                     calibrating:
   \   000000                DS8 1
     22          

   \                                 In  segment CODE, align 2
     23          void Init_ADC(void){
   \                     Init_ADC:
     24            ADC12CTL0  = ADC_RESET_STATE;
   \   000000   82430008     MOV.W   #0x0, &0x800
     25            /* Configure ADC sampling; power on
     26             * -----------------
     27             * ADC12SHT0_2: 16 ADC12CLK cycles in sampling period
     28             * ADC12SHT1_2: 16 ADC12CLK cycles in sample-and-hold time 
     29             *                     (ADC12MEM0 to ADC12MEM7 || ADC12MEM24 to ADC12MEM31)
     30             * ADC12MSC   : First rising edge of SHI signal triggers sampling timer
     31             * ADC12ON    : ADC12_B powered ON
     32             */
     33            
     34            ADC12CTL0 |= (ADC12SHT0_2 | 
     35                          ADC12SHT1_2 | 
     36                          ADC12MSC    | 
     37                          ADC12ON);
   \   000004   B2D090220008 BIS.W   #0x2290, &0x800
     38            
     39            /////////////////////////////////////////////////////////////////////////////
     40            
     41            ADC12CTL1  = ADC_RESET_STATE;
   \   00000A   82430208     MOV.W   #0x0, &0x802
     42            /* Configure ADC clocking
     43             * -----------------
     44             * ADC12PDIV_0  : Predivide ADC12CLK by 1
     45             * ADC12SHS_0   : ADC12SC as sample-and-hold source 
     46             * ADC12SHP     : SMPCON signal sourced from sampling timer
     47             * ADC12ISSH_0  : Sample-input signal is not inverted
     48             * ADC12DIV_0   : ADC12CLK divided by 1 
     49             * ADC12SSEL0   : ADC12_B clock source select (MODOSC)
     50             * ADC12CONSEQ_3: Sequence-of-channels conversion sequence mode 
     51             */
     52            
     53            ADC12CTL1 |= (ADC12PDIV_0 | 
     54                          ADC12SHS_0  | 
     55                          ADC12SHP    | 
     56                          ADC12ISSH_0 | 
     57                          ADC12DIV_0  | 
     58                          ADC12SSEL0  |
     59                          ADC12CONSEQ_3);
   \   00000E   B2D00E020208 BIS.W   #0x20e, &0x802
     60            
     61            /////////////////////////////////////////////////////////////////////////////
     62            
     63            ADC12CTL2  = ADC_RESET_STATE;
   \   000014   82430408     MOV.W   #0x0, &0x804
     64            /* Configure conversion settings
     65             * -----------------
     66             * ADC12RES_2   : 12-bit conversion result resolution (14 clock cycle conv.)
     67             * ADC12DF_0    : Result data stored as binary unsigned, right justified
     68             * ADC12PWRMD_0 : Regular power mode (not LPM) where sample rate 
     69             *                            not restricted
     70             */
     71            
     72            ADC12CTL2 |= (ADC12RES_2  | 
     73                          ADC12DF_0   | 
     74                          ADC12PWRMD_0); 
   \   000018   B2D020000408 BIS.W   #0x20, &0x804
     75            
     76            /////////////////////////////////////////////////////////////////////////////
     77            
     78            ADC12CTL3  = ADC_RESET_STATE;
   \   00001E   82430608     MOV.W   #0x0, &0x806
     79            /* Configure ADC input channels
     80             * -----------------
     81             * ADC12ICH3MAP_0 : External pin selected for ADC input channel A26
     82             * ADC12ICH2MAP_0 : External pin selected for ADC input channel A27
     83             * ADC12ICH1MAP_0 : External pin selected for ADC input channel A28
     84             * ADC12ICH0MAP_0 : External pin selected for ADC input channel A29
     85             * ADC12TCMAP_1   : Internal temperature sensor for ADC input channel A30
     86             * ADC12BATMAP_1  : 1/2 AVCC channel sel. for ADC input channel A31
     87             * ADC12CSTARTADD0: ADC12MEM0 set as conversion start address (in sequence)
     88             */
     89            
     90            ADC12CTL3 |= (ADC12ICH3MAP_0 | 
     91                          ADC12ICH2MAP_0 | 
     92                          ADC12ICH1MAP_0 | 
     93                          ADC12ICH0MAP_0 | 
     94                          ADC12TCMAP_1   | 
     95                          ADC12BATMAP_1  |
     96                          ADC12CSTARTADD_0); 
   \   000022   B2D0C0000608 BIS.W   #0xc0, &0x806
     97            
     98            /////////////////////////////////////////////////////////////////////////////
     99            
    100            ADC12MCTL0 = ADC12MCTL1
    101                       = ADC12MCTL2
    102                       = ADC_RESET_STATE;
   \   000028   0F43         MOV.W   #0x0, R15
   \   00002A   824F2408     MOV.W   R15, &0x824
   \   00002E   824F2208     MOV.W   R15, &0x822
   \   000032   824F2008     MOV.W   R15, &0x820
    103            
    104            /* Configure ADC input channels
    105             * -----------------
    106             * ADC12WINC_0 : Comparator window disabled
    107             * ADC12DIF_0  : Single-ended mode enabled
    108             * ADC12VRSEL_0: VR+ = AVCC, VR- = AVSS
    109             * ADC12INCH_x : channel = Ax
    110             * ADC12EOS    : End of sequence
    111             */
    112            
    113            ADC12MCTL0 |= (ADC12WINC_0  |
    114                           ADC12DIF_0   |
    115                           ADC12VRSEL_0 |
    116                           ADC12INCH_2);
   \   000036   A2D32008     BIS.W   #0x2, &0x820
    117            
    118            ADC12MCTL1 |= (ADC12WINC_0  |
    119                           ADC12DIF_0   |
    120                           ADC12VRSEL_0 |
    121                           ADC12INCH_4);
   \   00003A   A2D22208     BIS.W   #0x4, &0x822
    122            
    123            ADC12MCTL2 |= (ADC12WINC_0  |
    124                           ADC12DIF_0   |
    125                           ADC12VRSEL_0 |
    126                           ADC12INCH_5  |
    127                           ADC12EOS);
   \   00003E   B2D085002408 BIS.W   #0x85, &0x824
    128            
    129            /////////////////////////////////////////////////////////////////////////////
    130            STABILIZE_REFERENCE
   \   000044                ////////////// Start of 10000 cycles delay.
   \   000044   003C         JMP     ??Init_ADC_1
   \                     ??Init_ADC_1:
   \   000046   3F40030D     MOV.W   #0xd03, R15
   \                     ??Init_ADC_0:
   \   00004A   3F53         ADD.W   #0xffff, R15
   \   00004C   FE2F         JC      ??Init_ADC_0
   \   00004E                ////////////// End of delay code.
    131            
    132            ADC12IER0  |= (ADC12IE2     | // Enable interrupts for new sample results
    133                           ADC12IE4     |
    134                           ADC12IE5);
   \   00004E   B2D034001208 BIS.W   #0x34, &0x812
    135            ADC12CTL0  |= (ADC12ENC |  // Enable Conversion
    136                           ADC12SC);
   \   000054   B2D003000008 BIS.W   #0x3, &0x800
    137          }
   \   00005A   1001         RETA
   \   00005C                REQUIRE _A_ADC12CTL0_L
   \   00005C                REQUIRE _A_ADC12CTL1_L
   \   00005C                REQUIRE _A_ADC12CTL2_L
   \   00005C                REQUIRE _A_ADC12CTL3_L
   \   00005C                REQUIRE _A_ADC12MCTL0_L
   \   00005C                REQUIRE _A_ADC12MCTL1_L
   \   00005C                REQUIRE _A_ADC12MCTL2_L
   \   00005C                REQUIRE _A_ADC12IER0_L
    138          
    139          #pragma vector = ADC12_B_VECTOR

   \                                 In  segment ISR_CODE, align 2
    140          __interrupt void ADC12_ISR(void){
   \                     ADC12_ISR:
    141            ADC12IER0  &= ~(ADC12IE2     | // Disable interrupts for new sample results
    142                           ADC12IE4     |
    143                           ADC12IE5);
   \   000000   B2F0CBFF1208 AND.W   #0xffcb, &0x812
    144            ADC_Thumb = ADC12MEM0;
   \   000006   92426008.... MOV.W   &0x860, &ADC_Thumb
    145            ADC_Right_Detector = ADC12MEM1;
   \   00000C   92426208.... MOV.W   &0x862, &ADC_Right_Detector
    146            ADC_Left_Detector = ADC12MEM2;
   \   000012   92426408.... MOV.W   &0x864, &ADC_Left_Detector
    147          }
   \   000018   0013         RETI
   \   00001A                REQUIRE _A_ADC12IER0_L
   \   00001A                REQUIRE _A_ADC12MEM0_L
   \   00001A                REQUIRE _A_ADC12MEM1_L
   \   00001A                REQUIRE _A_ADC12MEM2_L
    148          

   \                                 In  segment CODE, align 2
    149          void calibrate_White(void){
   \                     calibrate_White:
    150            calibrating = true;
   \   000000   D243....     MOV.B   #0x1, &calibrating
    151            word4 = "Cal. White";
   \   000004   B240........ MOV.W   #`?<Constant "Cal. White">`, &word4
    152            
    153            while(calibrating)
   \                     ??calibrate_White_0:
   \   00000A   C293....     CMP.B   #0x0, &calibrating
   \   00000E   0324         JEQ     ??calibrate_White_1
    154              updateDisplay();
   \   000010   ........     CALLA   #updateDisplay
   \   000014   FA3F         JMP     ??calibrate_White_0
    155            
    156            ir_white_reading = ADC_Thumb;
   \                     ??calibrate_White_1:
   \   000016   9242........ MOV.W   &ADC_Thumb, &ir_white_reading
    157          }
   \   00001C   1001         RETA

   \                                 In  segment CODE, align 2
    158          void calibrate_Black(void){
   \                     calibrate_Black:
    159            calibrating = true;
   \   000000   D243....     MOV.B   #0x1, &calibrating
    160            word4 = "Cal. Black";
   \   000004   B240........ MOV.W   #`?<Constant "Cal. Black">`, &word4
    161            
    162            while(calibrating)
   \                     ??calibrate_Black_0:
   \   00000A   C293....     CMP.B   #0x0, &calibrating
   \   00000E   0324         JEQ     ??calibrate_Black_1
    163              updateDisplay();
   \   000010   ........     CALLA   #updateDisplay
   \   000014   FA3F         JMP     ??calibrate_Black_0
    164            
    165            ir_black_reading = ADC_Thumb;
   \                     ??calibrate_Black_1:
   \   000016   9242........ MOV.W   &ADC_Thumb, &ir_black_reading
    166          }
   \   00001C   1001         RETA
    167          

   \                                 In  segment CODE, align 2
    168          void enable_adc(void){
   \                     enable_adc:
    169            ADC12IER0  |= (ADC12IE2     | // Enable interrupts for new sample results
    170                           ADC12IE4     |
    171                           ADC12IE5);
   \   000000   B2D034001208 BIS.W   #0x34, &0x812
    172          }
   \   000006   1001         RETA
   \   000008                REQUIRE _A_ADC12IER0_L

   \                                 In  segment INTVEC, offset 0x5c, root
   \                     `??ADC12_ISR::??INTVEC 92`:
   \   00005C   ....         DC16    ADC12_ISR

   \                                 In  segment DATA16_ID, align 1, align-sorted
   \                     `?<Initializer for one_time>`:
   \   000000   01           DC8 1

   \                                 In  segment DATA16_C, align 1, align-sorted
   \                     `?<Constant "Cal. White">`:
   \   000000   43616C2E2057 DC8 "Cal. White"
   \            6869746500  

   \                                 In  segment DATA16_C, align 1, align-sorted
   \                     `?<Constant "Cal. Black">`:
   \   000000   43616C2E2042 DC8 "Cal. Black"
   \            6C61636B00  
    173          /*
    174          void updateDisplay(void){ 
    175            if(calibrated && ir_ready_to_print)
    176            {
    177              word4 = "          ";
    178              if(circle_time*2 >= 300)
    179                waiting = false;
    180              hex_to_dec(word4, (uint16_t) (circle_time*2));
    181              word4[COLUMN5] = word4[COLUMN4];
    182              word4[COLUMN4] = '.';
    183              LCD_print("Passing thr", "   Loop   ", "          ", word4);
    184              print_detector_values();
    185            }
    186            else if(ir_ready_to_print)
    187            {
    188              print_detector_values();
    189              ir_ready_to_print = false;
    190            }
    191            while(ADC12CTL0 & ADC12BUSY);
    192            
    193            enable_adc();
    194          }
    195          */

   Maximum stack usage in bytes:

   CSTACK Function
   ------ --------
      4   ADC12_ISR
      4   Init_ADC
      4   calibrate_Black
        4   -> updateDisplay
      4   calibrate_White
        4   -> updateDisplay
      4   enable_adc


   Segment part sizes:

   Bytes  Function/Label
   -----  --------------
      11  ?<Constant "Cal. Black">
      11  ?<Constant "Cal. White">
       1  ?<Initializer for one_time>
      26  ADC12_ISR
       2  ADC12_ISR::??INTVEC 92
       2  ADC_Left_Detector
       2  ADC_Right_Detector
       2  ADC_Thumb
      92  Init_ADC
       2  _A_ADC12CTL0_L
       2  _A_ADC12CTL1_L
       2  _A_ADC12CTL2_L
       2  _A_ADC12CTL3_L
       2  _A_ADC12IER0_L
       2  _A_ADC12MCTL0_L
       2  _A_ADC12MCTL1_L
       2  _A_ADC12MCTL2_L
       2  _A_ADC12MEM0_L
       2  _A_ADC12MEM1_L
       2  _A_ADC12MEM2_L
      30  calibrate_Black
      30  calibrate_White
       1  calibrated
       1  calibrating
       8  enable_adc
       2  ir_black_reading
       2  ir_white_reading
       1  one_time

 
 160 bytes in segment CODE
  22 bytes in segment DATA16_AN
  22 bytes in segment DATA16_C
   1 byte  in segment DATA16_I
   1 byte  in segment DATA16_ID
  12 bytes in segment DATA16_Z
   2 bytes in segment INTVEC
  26 bytes in segment ISR_CODE
 
 186 bytes of CODE  memory
  23 bytes of CONST memory (+  2 bytes shared)
  13 bytes of DATA  memory (+ 22 bytes shared)

Errors: none
Warnings: none
